--------- beginning of main
10-08 14:56:59.201  4429  4429 I ReaderEvidence: ANNOTATION_RENDERED []
10-08 14:57:01.380  4429  4429 I ReaderEvidence: VISIBLE {"href":"EPUB\/chapter1.xhtml","type":"application\/xhtml+xml","title":"El jardín de las palabras","locations":{"cssSelector":"#p-1-14","progression":0.5001543686322939,"position":1,"totalProgression":0},"text":{"highlight":"Pasaje 1.14: La viajera mira el jardín. Una canción recuerda el árbol, mientras los niños caminan entre flores. Cada palabra tiene su lugar en esta historia."}}
10-08 14:57:01.391  4429  4429 I ReaderEvidence: ANNOTATION_RENDERED []
10-08 14:59:31.984  4429  4429 I ReaderEvidence: DICTIONARY_IMPORTED id=ea80cc791b76c8a40d6d770e0d71a67d3e9075a1be98033883e7ce4f50ac71b7 name=Wikcionario Español-Español source=es target=es
10-08 15:01:00.991  5982  5982 I ReaderEvidence: ANNOTATION_RENDERED []
10-08 15:01:01.858  5982  5982 I ReaderEvidence: VISIBLE {"href":"EPUB\/chapter1.xhtml","type":"application\/xhtml+xml","title":"El jardín de las palabras","locations":{"cssSelector":"#p-1-14","progression":0.5001543686322939,"position":1,"totalProgression":0},"text":{"highlight":"Pasaje 1.14: La viajera mira el jardín. Una canción recuerda el árbol, mientras los niños caminan entre flores. Cada palabra tiene su lugar en esta historia."}}
10-08 15:01:01.863  5982  5982 I ReaderEvidence: ANNOTATION_RENDERED []
10-08 15:01:37.690  5982  5982 I ReaderEvidence: DICTIONARY_IMPORTED id=2b5959caf133d38f629c42fd4da8d254628ea2c3a62307691c6a78dd19e3a00f name=Wiktionary Spanish-English source=es target=en
10-08 15:03:13.885  5982  5982 I ReaderEvidence: DICTIONARY_IMPORTED id=55cc1b67920f82659088b15c6e8b9d787236b7fe5b345c8fc7a0b778509ec375 name=GNU Collaborative International Dictionary of English source=en target=en
10-08 15:03:44.895  5982  5982 I ReaderEvidence: DICTIONARY_IMPORTED id=55c0e95e9c19886d79800535a1b8c6779016fea7566cbb75fc29317a6a6d0717 name=Wikcionario Inglés-Español source=en target=es
10-08 15:04:14.606  5982  5982 E ReaderEvidence: Dictionary rejected: Missing or oversized en-es.idx
10-08 15:04:14.606  5982  5982 E ReaderEvidence: java.lang.IllegalArgumentException: Dictionary rejected: Missing or oversized en-es.idx
10-08 15:04:14.606  5982  5982 E ReaderEvidence: 	at dev.reader.ldx.DictionaryStore.importPackage(DictionaryPackage.kt:78)
10-08 15:04:14.606  5982  5982 E ReaderEvidence: 	at dev.reader.ldx.MainActivity$importDictionary$1$1$1$1$imported$1.invokeSuspend(MainActivity.kt:53)
10-08 15:04:14.606  5982  5982 E ReaderEvidence: 	at kotlin.coroutines.jvm.internal.BaseContinuationImpl.resumeWith(ContinuationImpl.kt:33)
10-08 15:04:14.606  5982  5982 E ReaderEvidence: 	at kotlinx.coroutines.DispatchedTask.run(DispatchedTask.kt:100)
10-08 15:04:14.606  5982  5982 E ReaderEvidence: 	at kotlinx.coroutines.internal.LimitedDispatcher$Worker.run(LimitedDispatcher.kt:124)
10-08 15:04:14.606  5982  5982 E ReaderEvidence: 	at kotlinx.coroutines.scheduling.TaskImpl.run(Tasks.kt:89)
10-08 15:04:14.606  5982  5982 E ReaderEvidence: 	at kotlinx.coroutines.scheduling.CoroutineScheduler.runSafely(CoroutineScheduler.kt:586)
10-08 15:04:14.606  5982  5982 E ReaderEvidence: 	at kotlinx.coroutines.scheduling.CoroutineScheduler$Worker.executeTask(CoroutineScheduler.kt:820)
10-08 15:04:14.606  5982  5982 E ReaderEvidence: 	at kotlinx.coroutines.scheduling.CoroutineScheduler$Worker.runWorker(CoroutineScheduler.kt:717)
10-08 15:04:14.606  5982  5982 E ReaderEvidence: 	at kotlinx.coroutines.scheduling.CoroutineScheduler$Worker.run(CoroutineScheduler.kt:704)
10-08 15:04:14.606  5982  5982 E ReaderEvidence: Caused by: java.lang.IllegalArgumentException: Missing or oversized en-es.idx
10-08 15:04:14.606  5982  5982 E ReaderEvidence: 	at dev.reader.ldx.DictionaryStore.importPackage$expand(DictionaryPackage.kt:55)
10-08 15:04:14.606  5982  5982 E ReaderEvidence: 	at dev.reader.ldx.DictionaryStore.importPackage(DictionaryPackage.kt:57)
10-08 15:04:14.606  5982  5982 E ReaderEvidence: 	... 9 more
10-08 15:04:58.037  5982  5982 I ReaderEvidence: DICTIONARY_IMPORTED id=ea80cc791b76c8a40d6d770e0d71a67d3e9075a1be98033883e7ce4f50ac71b7 name=Wikcionario Español-Español source=es target=es
10-08 15:05:41.179  5982  5982 I ReaderEvidence: SELECTION {"href":"EPUB\/chapter1.xhtml","type":"application\/xhtml+xml","title":"El jardín de las palabras","locations":{"progression":0.5001543686322939,"position":1,"totalProgression":0},"text":{"before":"La viajera mira el jardín. Una canción recuerda el árbol, mientras los niños caminan entre flores. Cada palabra tiene su lugar en esta historia.Pasaje 1.15: La viajera mira el jardín. Una ","highlight":"canción","after":" recuerda el árbol, mientras los niños caminan entre flores. Cada palabra tiene su lugar en esta historia.Pasaje 1.16: La viajera mira el jardín. Una canción recuerda el árbol, mientras los niños"}}
10-08 15:05:41.440  5982  5982 I ReaderEvidence: LOOKUP selected=canción source=es target=es headword=canción kind=Exact match elapsedMs=256
10-08 15:06:38.123  5982  5982 I ReaderEvidence: LOOKUP selected=canción source=es target=en headword=canción kind=Exact match elapsedMs=63
10-08 15:07:54.626  5982  5982 I ReaderEvidence: SELECTION {"href":"EPUB\/chapter1.xhtml","type":"application\/xhtml+xml","title":"El jardín de las palabras","locations":{"progression":0.5001543686322939,"position":1,"totalProgression":0},"text":{"before":"La viajera mira el jardín. Una canción recuerda el árbol, mientras los niños caminan entre flores. Cada palabra tiene su lugar en esta historia.Pasaje 1.15: La viajera mira el jardín. Una ","highlight":"canción","after":" recuerda el árbol, mientras los niños caminan entre flores. Cada palabra tiene su lugar en esta historia.Pasaje 1.16: La viajera mira el jardín. Una canción recuerda el árbol, mientras los niños"}}
10-08 15:07:55.749  5982  5982 I ReaderEvidence: LOOKUP selected=canción source=es target=es headword=canción kind=Exact match elapsedMs=1122
10-08 15:08:04.927  8556  8556 I ReaderEvidence: ANNOTATION_RENDERED []
10-08 15:08:05.628  8556  8556 I ReaderEvidence: VISIBLE {"href":"EPUB\/chapter1.xhtml","type":"application\/xhtml+xml","title":"El jardín de las palabras","locations":{"cssSelector":"#p-1-14","progression":0.5001543686322939,"position":1,"totalProgression":0},"text":{"highlight":"Pasaje 1.14: La viajera mira el jardín. Una canción recuerda el árbol, mientras los niños caminan entre flores. Cada palabra tiene su lugar en esta historia."}}
10-08 15:08:05.630  8556  8556 I ReaderEvidence: ANNOTATION_RENDERED []
10-08 15:08:40.587  8556  8556 I ReaderEvidence: SELECTION {"href":"EPUB\/chapter1.xhtml","type":"application\/xhtml+xml","title":"El jardín de las palabras","locations":{"progression":0.5001543686322939,"position":1,"totalProgression":0},"text":{"before":"La viajera mira el jardín. Una canción recuerda el árbol, mientras los niños caminan entre flores. Cada palabra tiene su lugar en esta historia.Pasaje 1.15: La viajera mira el jardín. Una ","highlight":"canción","after":" recuerda el árbol, mientras los niños caminan entre flores. Cada palabra tiene su lugar en esta historia.Pasaje 1.16: La viajera mira el jardín. Una canción recuerda el árbol, mientras los niños"}}
10-08 15:08:41.029  8556  8556 I ReaderEvidence: LOOKUP selected=canción source=es target=es headword=canción kind=Exact match elapsedMs=438
10-08 15:08:48.612  8556  8556 I ReaderEvidence: SELECTION {"href":"EPUB\/chapter1.xhtml","type":"application\/xhtml+xml","title":"El jardín de las palabras","locations":{"progression":0.5001543686322939,"position":1,"totalProgression":0},"text":{"before":"La viajera mira el jardín. Una canción recuerda el árbol, mientras los niños caminan entre flores. Cada palabra tiene su lugar en esta historia.Pasaje 1.15: La viajera mira el jardín. Una ","highlight":"canción","after":" recuerda el árbol, mientras los niños caminan entre flores. Cada palabra tiene su lugar en esta historia.Pasaje 1.16: La viajera mira el jardín. Una canción recuerda el árbol, mientras los niños"}}
10-08 15:09:08.717  8556  8556 I ReaderEvidence: SELECTION {"href":"EPUB\/chapter1.xhtml","type":"application\/xhtml+xml","title":"El jardín de las palabras","locations":{"progression":0.5001543686322939,"position":1,"totalProgression":0},"text":{"before":"La viajera mira el jardín. Una canción recuerda el árbol, mientras los niños caminan entre flores. Cada palabra tiene su lugar en esta historia.Pasaje 1.15: La viajera mira el jardín. Una ","highlight":"canción","after":" recuerda el árbol, mientras los niños caminan entre flores. Cada palabra tiene su lugar en esta historia.Pasaje 1.16: La viajera mira el jardín. Una canción recuerda el árbol, mientras los niños"}}
10-08 15:09:50.717  8556  8556 I ReaderEvidence: SELECTION {"href":"EPUB\/chapter1.xhtml","type":"application\/xhtml+xml","title":"El jardín de las palabras","locations":{"progression":0.5001543686322939,"position":1,"totalProgression":0},"text":{"before":"La viajera mira el jardín. Una canción recuerda el árbol, mientras los niños caminan entre flores. Cada palabra tiene su lugar en esta historia.Pasaje 1.15: La viajera mira el jardín. Una ","highlight":"canción","after":" recuerda el árbol, mientras los niños caminan entre flores. Cada palabra tiene su lugar en esta historia.Pasaje 1.16: La viajera mira el jardín. Una canción recuerda el árbol, mientras los niños"}}
10-08 15:09:57.360  8556  8556 I ReaderEvidence: LOOKUP selected=canción source=es target=es headword=canción kind=Exact match elapsedMs=150
10-08 15:10:02.471  8556  8556 I ReaderEvidence: SELECTION {"href":"EPUB\/chapter1.xhtml","type":"application\/xhtml+xml","title":"El jardín de las palabras","locations":{"progression":0.5001543686322939,"position":1,"totalProgression":0},"text":{"before":"La viajera mira el jardín. Una canción recuerda el árbol, mientras los niños caminan entre flores. Cada palabra tiene su lugar en esta historia.Pasaje 1.15: La viajera mira el jardín. Una ","highlight":"canción recuerda el árbol, mientras los niños caminan entre ","after":"flores. Cada palabra tiene su lugar en esta historia.Pasaje 1.16: La viajera mira el jardín. Una canción recuerda el árbol, mientras los niños caminan entre flores. Cada palabra tiene su lugar en"}}
10-08 15:10:02.957  8556  8556 I ReaderEvidence: LOOKUP selected=canción recuerda el árbol, mientras los niños caminan entre  source=es target=es headword=null kind=No entry. No supported package base form. elapsedMs=482
10-08 15:10:14.097  8556  8556 I ReaderEvidence: SELECTION {"href":"EPUB\/chapter1.xhtml","type":"application\/xhtml+xml","title":"El jardín de las palabras","locations":{"progression":0.5001543686322939,"position":1,"totalProgression":0},"text":{"before":"La viajera mira el jardín. Una canción recuerda el árbol, mientras los niños caminan entre flores. Cada palabra tiene su lugar en esta historia.Pasaje 1.15: La viajera mira el jardín. Una ","highlight":"canción recuerda el árbol, mientras los niños caminan entre ","after":"flores. Cada palabra tiene su lugar en esta historia.Pasaje 1.16: La viajera mira el jardín. Una canción recuerda el árbol, mientras los niños caminan entre flores. Cada palabra tiene su lugar en"}}
10-08 15:10:27.545  8556  8556 I ReaderEvidence: LOOKUP selected=canción recuerda el árbol, mientras los niños caminan entre  source=es target=es headword=null kind=No entry. No supported package base form. elapsedMs=164
10-08 15:11:47.690  8556  8556 I ReaderEvidence: LOOKUP selected=readerldxabsentzz source=es target=es headword=null kind=No entry. No supported package base form. elapsedMs=533
10-08 15:12:21.692  8556  8556 I ReaderEvidence: LOOKUP selected=afecten source=es target=en headword=afectar kind=Package synonym / base form elapsedMs=689
10-08 15:12:59.832  8556  8556 I ReaderEvidence: LOOKUP selected=afecten source=es target=es headword=afectar, afectarse kind=Package synonym / base form elapsedMs=494
10-08 15:13:36.505  8556  8556 I ReaderEvidence: ANNOTATION_RENDERED []
10-08 15:13:37.137  8556  8556 I ReaderEvidence: VISIBLE {"href":"EPUB\/chapter2.xhtml","type":"application\/xhtml+xml","title":"Chapter 2","locations":{"cssSelector":"#chapter-2","progression":0,"position":2,"totalProgression":0.5},"text":{"highlight":"The garden of words 2"}}
10-08 15:13:37.138  8556  8556 I ReaderEvidence: ANNOTATION_RENDERED []
10-08 15:14:06.083  8556  8556 I ReaderEvidence: SELECTION {"href":"EPUB\/chapter2.xhtml","type":"application\/xhtml+xml","title":"Chapter 2","locations":{"progression":0,"position":2,"totalProgression":0.5},"text":{"before":"The ","highlight":"garden","after":" of words 2I can't forget the children's stories. These gardens hold words and memories.Go to the second chapter [2].Passage 2.01: The traveler watches the garden. A song recalls the tree while"}}
10-08 15:14:06.714  8556  8556 I ReaderEvidence: LOOKUP selected=garden source=en target=en headword=garden kind=Exact match elapsedMs=629
10-08 15:14:24.932  8556  8556 I ReaderEvidence: LOOKUP selected=garden source=en target=es headword=garden kind=Exact match elapsedMs=35
10-08 15:17:06.776  8556  8556 I ReaderEvidence: SELECTION {"href":"EPUB\/chapter2.xhtml","type":"application\/xhtml+xml","title":"Chapter 2","locations":{"progression":0,"position":2,"totalProgression":0.5},"text":{"before":"t forget the children's stories. These gardens hold words and memories.Go to the second chapter [2].Passage 2.01: The traveler watches the garden. A song recalls the tree while children walk among ","highlight":"flowers","after":". Every word has its place in this story.Passage 2.02: The traveler watches the garden. A song recalls the tree while children walk among flowers. Every word has its place in this story.Passage"}}
10-08 15:17:07.106  8556  8556 I ReaderEvidence: LOOKUP selected=flowers source=en target=en headword=null kind=No entry. No supported package base form. elapsedMs=327
10-08 15:17:31.712  8556  8556 I ReaderEvidence: LOOKUP selected=flowers source=en target=es headword=flower kind=Package synonym / base form elapsedMs=59
10-08 15:17:55.839 11094 11094 I ReaderEvidence: ANNOTATION_RENDERED []
10-08 15:17:56.253 11094 11094 I ReaderEvidence: VISIBLE {"href":"EPUB\/chapter2.xhtml","type":"application\/xhtml+xml","title":"Chapter 2","locations":{"cssSelector":"#chapter-2","progression":0,"position":2,"totalProgression":0.5},"text":{"highlight":"The garden of words 2"}}
10-08 15:17:56.255 11094 11094 I ReaderEvidence: ANNOTATION_RENDERED []
