10-08 15:19:43.842 11633 11633 I ReaderEvidence: ANNOTATION_RENDERED []
10-08 15:19:44.515 11633 11633 I ReaderEvidence: VISIBLE {"href":"EPUB\/chapter2.xhtml","type":"application\/xhtml+xml","title":"Chapter 2","locations":{"cssSelector":"#chapter-2","progression":0,"position":2,"totalProgression":0.5},"text":{"highlight":"The garden of words 2"}}
10-08 15:19:44.516 11633 11633 I ReaderEvidence: ANNOTATION_RENDERED []
10-08 15:20:07.252 11633 11633 I ReaderEvidence: ANNOTATION_RENDERED []
10-08 15:20:08.018 11633 11633 I ReaderEvidence: ANNOTATION_RENDERED []
10-08 15:20:08.360 11633 11633 I ReaderEvidence: VISIBLE {"href":"EPUB\/source.xhtml","type":"application\/xhtml+xml","title":"Source","locations":{"cssSelector":"#source-heading","progression":0,"position":1,"totalProgression":0},"text":{"highlight":"GENERIC SOURCE"}}
10-08 15:20:08.360 11633 11633 I ReaderEvidence: ANNOTATION_RENDERED []
10-08 15:20:08.362 11633 11633 I ReaderEvidence: COMMITTED {"href":"EPUB\/source.xhtml","type":"application\/xhtml+xml","title":"Source","locations":{"cssSelector":"#source-heading","progression":0,"position":1,"totalProgression":0},"text":{"highlight":"GENERIC SOURCE"}}
10-08 15:20:16.380 11633 11633 I ReaderEvidence: BOOK_NOTE_OPEN target=EPUB/notes/endnotes.xhtml#endnote-1 displayed={"href":"EPUB\/source.xhtml","type":"application\/xhtml+xml","title":"Source","locations":{"cssSelector":"#source-heading","progression":0,"position":1,"totalProgression":0},"text":{"highlight":"GENERIC SOURCE"}} sourceTarget=EPUB/source.xhtml#generic-ref committed={"href":"EPUB\/source.xhtml","type":"application\/xhtml+xml","title":"Source","locations":{"cssSelector":"#source-heading","progression":0,"position":1,"totalProgression":0},"text":{"highlight":"GENERIC SOURCE"}}
10-08 15:20:16.858 11633 11757 I ReaderEvidence: NOTE_RESOURCE path=EPUB/images/note.png bytes=312
10-08 15:20:17.446 11633 11758 I ReaderEvidence: NOTE_RESOURCE path=favicon.ico bytes=0
10-08 15:20:25.523 11633 11757 I ReaderEvidence: NOTE_RESOURCE path=favicon.ico bytes=0
10-08 15:21:15.185 12269 12269 I ReaderEvidence: ANNOTATION_RENDERED []
10-08 15:21:15.704 12269 12269 I ReaderEvidence: VISIBLE {"href":"EPUB\/source.xhtml","type":"application\/xhtml+xml","title":"Source","locations":{"cssSelector":"#source-heading","progression":0,"position":1,"totalProgression":0},"text":{"highlight":"GENERIC SOURCE"}}
10-08 15:21:15.707 12269 12269 I ReaderEvidence: ANNOTATION_RENDERED []
10-08 15:21:24.391 12269 12269 I ReaderEvidence: BOOK_NOTE_OPEN target=EPUB/notes/endnotes.xhtml#endnote-1 displayed={"href":"EPUB\/source.xhtml","type":"application\/xhtml+xml","title":"Source","locations":{"cssSelector":"#source-heading","progression":0,"position":1,"totalProgression":0},"text":{"highlight":"GENERIC SOURCE"}} sourceTarget=EPUB/source.xhtml#generic-ref committed={"href":"EPUB\/source.xhtml","type":"application\/xhtml+xml","title":"Source","locations":{"cssSelector":"#source-heading","progression":0,"position":1,"totalProgression":0},"text":{"highlight":"GENERIC SOURCE"}}
10-08 15:21:24.966 12269 12378 I ReaderEvidence: NOTE_RESOURCE path=EPUB/images/note.png bytes=312
10-08 15:21:25.097 12269 12378 I ReaderEvidence: NOTE_RESOURCE path=favicon.ico bytes=0
10-08 15:21:32.911 12269 12378 I ReaderEvidence: NOTE_RESOURCE path=favicon.ico bytes=0
10-08 15:21:32.912 12269 12269 I ReaderEvidence: BOOK_NOTE_NESTED target=EPUB/notes/endnotes.xhtml#nested committed={"href":"EPUB\/source.xhtml","type":"application\/xhtml+xml","title":"Source","locations":{"cssSelector":"#source-heading","progression":0,"position":1,"totalProgression":0},"text":{"highlight":"GENERIC SOURCE"}}
10-08 15:21:33.034 12269 12378 I ReaderEvidence: NOTE_RESOURCE path=EPUB/images/note.png bytes=312
10-08 15:21:33.057 12269 12378 I ReaderEvidence: NOTE_RESOURCE path=favicon.ico bytes=0
10-08 15:21:45.705 12269 12269 I ReaderEvidence: BOOK_NOTE_BACK target=EPUB/notes/endnotes.xhtml#endnote-1 committed={"href":"EPUB\/source.xhtml","type":"application\/xhtml+xml","title":"Source","locations":{"cssSelector":"#source-heading","progression":0,"position":1,"totalProgression":0},"text":{"highlight":"GENERIC SOURCE"}}
10-08 15:21:45.780 12269 12378 I ReaderEvidence: NOTE_RESOURCE path=EPUB/images/note.png bytes=312
10-08 15:21:45.868 12269 12378 I ReaderEvidence: NOTE_RESOURCE path=favicon.ico bytes=0
10-08 15:22:32.503 12269 12269 I ReaderEvidence: BOOK_NOTE_CLOSE target=EPUB/notes/endnotes.xhtml#endnote-1 source={"href":"EPUB\/source.xhtml","type":"application\/xhtml+xml","title":"Source","locations":{"cssSelector":"#source-heading","progression":0,"position":1,"totalProgression":0},"text":{"highlight":"GENERIC SOURCE"}}
10-08 15:22:53.743 12269 12269 I ReaderEvidence: BOOK_NOTE_OPEN target=EPUB/notes/endnotes.xhtml#role-note displayed={"href":"EPUB\/source.xhtml","type":"application\/xhtml+xml","title":"Source","locations":{"cssSelector":"#source-heading","progression":0,"position":1,"totalProgression":0},"text":{"highlight":"GENERIC SOURCE"}} sourceTarget=EPUB/source.xhtml#role-ref committed={"href":"EPUB\/source.xhtml","type":"application\/xhtml+xml","title":"Source","locations":{"cssSelector":"#source-heading","progression":0,"position":1,"totalProgression":0},"text":{"highlight":"GENERIC SOURCE"}}
10-08 15:22:54.958 12269 12378 I ReaderEvidence: NOTE_RESOURCE path=favicon.ico bytes=0
10-08 15:22:58.980 12269 12269 I ReaderEvidence: BOOK_NOTE_CLOSE target=EPUB/notes/endnotes.xhtml#role-note source={"href":"EPUB\/source.xhtml","type":"application\/xhtml+xml","title":"Source","locations":{"cssSelector":"#source-heading","progression":0,"position":1,"totalProgression":0},"text":{"highlight":"GENERIC SOURCE"}}
10-08 15:23:02.781 12269 12269 I ReaderEvidence: BOOK_NOTE_OPEN target=EPUB/notes/endnotes.xhtml#list-note displayed={"href":"EPUB\/source.xhtml","type":"application\/xhtml+xml","title":"Source","locations":{"cssSelector":"#source-heading","progression":0,"position":1,"totalProgression":0},"text":{"highlight":"GENERIC SOURCE"}} sourceTarget=EPUB/source.xhtml#list-ref committed={"href":"EPUB\/source.xhtml","type":"application\/xhtml+xml","title":"Source","locations":{"cssSelector":"#source-heading","progression":0,"position":1,"totalProgression":0},"text":{"highlight":"GENERIC SOURCE"}}
10-08 15:23:03.951 12269 12378 I ReaderEvidence: NOTE_RESOURCE path=favicon.ico bytes=0
10-08 15:23:06.507 12269 12269 I ReaderEvidence: BOOK_NOTE_CLOSE target=EPUB/notes/endnotes.xhtml#list-note source={"href":"EPUB\/source.xhtml","type":"application\/xhtml+xml","title":"Source","locations":{"cssSelector":"#source-heading","progression":0,"position":1,"totalProgression":0},"text":{"highlight":"GENERIC SOURCE"}}
10-08 15:23:08.237 12269 12269 I ReaderEvidence: BOOK_NOTE_OPEN target=EPUB/notes/endnotes.xhtml#marked-note displayed={"href":"EPUB\/source.xhtml","type":"application\/xhtml+xml","title":"Source","locations":{"cssSelector":"#source-heading","progression":0,"position":1,"totalProgression":0},"text":{"highlight":"GENERIC SOURCE"}} sourceTarget=EPUB/source.xhtml#marked-ref committed={"href":"EPUB\/source.xhtml","type":"application\/xhtml+xml","title":"Source","locations":{"cssSelector":"#source-heading","progression":0,"position":1,"totalProgression":0},"text":{"highlight":"GENERIC SOURCE"}}
10-08 15:23:08.863 12269 12378 I ReaderEvidence: NOTE_RESOURCE path=favicon.ico bytes=0
10-08 15:23:31.652 12269 12269 I ReaderEvidence: BOOK_NOTE_CLOSE target=EPUB/notes/endnotes.xhtml#marked-note source={"href":"EPUB\/source.xhtml","type":"application\/xhtml+xml","title":"Source","locations":{"cssSelector":"#source-heading","progression":0,"position":1,"totalProgression":0},"text":{"highlight":"GENERIC SOURCE"}}
10-08 15:23:33.156 12269 12269 I ReaderEvidence: BOOK_NOTE_OPEN target=EPUB/notes/endnotes.xhtml#endnote-1 displayed={"href":"EPUB\/source.xhtml","type":"application\/xhtml+xml","title":"Source","locations":{"cssSelector":"#source-heading","progression":0,"position":1,"totalProgression":0},"text":{"highlight":"GENERIC SOURCE"}} sourceTarget=EPUB/source.xhtml#generic-ref committed={"href":"EPUB\/source.xhtml","type":"application\/xhtml+xml","title":"Source","locations":{"cssSelector":"#source-heading","progression":0,"position":1,"totalProgression":0},"text":{"highlight":"GENERIC SOURCE"}}
10-08 15:23:33.432 12269 12378 I ReaderEvidence: NOTE_RESOURCE path=EPUB/images/note.png bytes=312
10-08 15:23:33.895 12269 12378 I ReaderEvidence: NOTE_RESOURCE path=favicon.ico bytes=0
10-08 15:24:21.716 12269 12269 I ReaderEvidence: BOOK_NOTE_NESTED target=EPUB/notes/endnotes.xhtml#nested committed={"href":"EPUB\/source.xhtml","type":"application\/xhtml+xml","title":"Source","locations":{"cssSelector":"#source-heading","progression":0,"position":1,"totalProgression":0},"text":{"highlight":"GENERIC SOURCE"}}
10-08 15:24:21.717 12269 12378 I ReaderEvidence: NOTE_RESOURCE path=favicon.ico bytes=0
10-08 15:24:21.784 12269 12378 I ReaderEvidence: NOTE_RESOURCE path=EPUB/images/note.png bytes=312
10-08 15:24:21.982 12269 12378 I ReaderEvidence: NOTE_RESOURCE path=favicon.ico bytes=0
10-08 15:24:23.916 12269 12269 I ReaderEvidence: BOOK_NOTE_BACKLINK target=EPUB/notes/endnotes.xhtml#endnote-1 committed={"href":"EPUB\/source.xhtml","type":"application\/xhtml+xml","title":"Source","locations":{"cssSelector":"#source-heading","progression":0,"position":1,"totalProgression":0},"text":{"highlight":"GENERIC SOURCE"}}
10-08 15:24:23.919 12269 12378 I ReaderEvidence: NOTE_RESOURCE path=favicon.ico bytes=0
10-08 15:24:23.978 12269 12378 I ReaderEvidence: NOTE_RESOURCE path=EPUB/images/note.png bytes=312
10-08 15:24:24.191 12269 12378 I ReaderEvidence: NOTE_RESOURCE path=favicon.ico bytes=0
10-08 15:24:25.618 12269 12269 I ReaderEvidence: BOOK_NOTE_CLOSE target=EPUB/notes/endnotes.xhtml#endnote-1 source={"href":"EPUB\/source.xhtml","type":"application\/xhtml+xml","title":"Source","locations":{"cssSelector":"#source-heading","progression":0,"position":1,"totalProgression":0},"text":{"highlight":"GENERIC SOURCE"}}
10-08 15:24:25.743 12269 12378 I ReaderEvidence: NOTE_RESOURCE path=favicon.ico bytes=0
10-08 15:24:52.365 12269 12269 I ReaderEvidence: BOOK_NOTE_OPEN target=EPUB/notes/endnotes.xhtml#endnote-1 displayed={"href":"EPUB\/source.xhtml","type":"application\/xhtml+xml","title":"Source","locations":{"cssSelector":"#source-heading","progression":0,"position":1,"totalProgression":0},"text":{"highlight":"GENERIC SOURCE"}} sourceTarget=EPUB/source.xhtml#generic-ref committed={"href":"EPUB\/source.xhtml","type":"application\/xhtml+xml","title":"Source","locations":{"cssSelector":"#source-heading","progression":0,"position":1,"totalProgression":0},"text":{"highlight":"GENERIC SOURCE"}}
10-08 15:24:52.873 12269 12378 I ReaderEvidence: NOTE_RESOURCE path=EPUB/images/note.png bytes=312
10-08 15:24:53.429 12269 12379 I ReaderEvidence: NOTE_RESOURCE path=favicon.ico bytes=0
10-08 15:24:55.882 12269 12269 I ReaderEvidence: BOOK_NOTE_NESTED target=EPUB/notes/endnotes.xhtml#nested committed={"href":"EPUB\/source.xhtml","type":"application\/xhtml+xml","title":"Source","locations":{"cssSelector":"#source-heading","progression":0,"position":1,"totalProgression":0},"text":{"highlight":"GENERIC SOURCE"}}
10-08 15:24:55.887 12269 12378 I ReaderEvidence: NOTE_RESOURCE path=favicon.ico bytes=0
10-08 15:24:56.068 12269 12378 I ReaderEvidence: NOTE_RESOURCE path=EPUB/images/note.png bytes=312
10-08 15:24:56.295 12269 12378 I ReaderEvidence: NOTE_RESOURCE path=favicon.ico bytes=0
10-08 15:25:02.884 12269 12269 I ReaderEvidence: BOOK_NOTE_BACK target=EPUB/notes/endnotes.xhtml#endnote-1 committed={"href":"EPUB\/source.xhtml","type":"application\/xhtml+xml","title":"Source","locations":{"cssSelector":"#source-heading","progression":0,"position":1,"totalProgression":0},"text":{"highlight":"GENERIC SOURCE"}}
10-08 15:25:02.978 12269 12378 I ReaderEvidence: NOTE_RESOURCE path=EPUB/images/note.png bytes=312
10-08 15:25:02.997 12269 12378 I ReaderEvidence: NOTE_RESOURCE path=favicon.ico bytes=0
10-08 15:25:11.710 12269 12378 I ReaderEvidence: NOTE_RESOURCE path=favicon.ico bytes=0
10-08 15:25:11.712 12269 12269 I ReaderEvidence: BOOK_NOTE_NESTED target=EPUB/notes/endnotes.xhtml#nested committed={"href":"EPUB\/source.xhtml","type":"application\/xhtml+xml","title":"Source","locations":{"cssSelector":"#source-heading","progression":0,"position":1,"totalProgression":0},"text":{"highlight":"GENERIC SOURCE"}}
10-08 15:25:11.925 12269 12378 I ReaderEvidence: NOTE_RESOURCE path=EPUB/images/note.png bytes=312
10-08 15:25:12.127 12269 12378 I ReaderEvidence: NOTE_RESOURCE path=favicon.ico bytes=0
10-08 15:25:20.960 13760 13760 I ReaderEvidence: ANNOTATION_RENDERED []
10-08 15:25:22.147 13760 13760 I ReaderEvidence: VISIBLE {"href":"EPUB\/source.xhtml","type":"application\/xhtml+xml","title":"Source","locations":{"cssSelector":"#source-heading","progression":0,"position":1,"totalProgression":0},"text":{"highlight":"GENERIC SOURCE"}}
10-08 15:25:22.152 13760 13760 I ReaderEvidence: ANNOTATION_RENDERED []
10-08 15:26:05.218 13760 13760 I ReaderEvidence: ORDINARY_LINK target=EPUB/destination.xhtml#ordinary-destination
10-08 15:26:05.910 13760 13760 I ReaderEvidence: VISIBLE {"href":"EPUB\/destination.xhtml","type":"application\/xhtml+xml","title":"Destination","locations":{"cssSelector":"#ordinary-destination","progression":0,"position":2,"totalProgression":0.3333333333333333},"text":{"highlight":"ORDINARY DESTINATION"}}
10-08 15:26:05.911 13760 13760 I ReaderEvidence: ANNOTATION_RENDERED []
10-08 15:26:05.924 13760 13760 I ReaderEvidence: COMMITTED {"href":"EPUB\/destination.xhtml","type":"application\/xhtml+xml","title":"Destination","locations":{"cssSelector":"#ordinary-destination","progression":0,"position":2,"totalProgression":0.3333333333333333},"text":{"highlight":"ORDINARY DESTINATION"}}
10-08 15:26:13.997 13760 13760 I ReaderEvidence: ORDINARY_LINK target=EPUB/source.xhtml#source-passage
10-08 15:26:14.395 13760 13760 I ReaderEvidence: VISIBLE {"href":"EPUB\/source.xhtml","type":"application\/xhtml+xml","title":"Source","locations":{"cssSelector":"#source-heading","progression":0,"position":1,"totalProgression":0},"text":{"highlight":"GENERIC SOURCE"}}
10-08 15:26:14.396 13760 13760 I ReaderEvidence: ANNOTATION_RENDERED []
10-08 15:26:14.397 13760 13760 I ReaderEvidence: COMMITTED {"href":"EPUB\/source.xhtml","type":"application\/xhtml+xml","title":"Source","locations":{"cssSelector":"#source-heading","progression":0,"position":1,"totalProgression":0},"text":{"highlight":"GENERIC SOURCE"}}
10-08 15:26:15.085 13760 13760 I ReaderEvidence: ORDINARY_LINK target=EPUB/notes/endnotes.xhtml#untyped
10-08 15:26:15.777 13760 13760 I ReaderEvidence: VISIBLE {"href":"EPUB\/notes\/endnotes.xhtml","type":"application\/xhtml+xml","locations":{"cssSelector":"#marked-note p","progression":0.7498842056507642,"position":3,"totalProgression":0.6666666666666666},"text":{"highlight":"MARKED CROSS DOCUMENT CONTENT"}}
10-08 15:26:15.778 13760 13760 I ReaderEvidence: ANNOTATION_RENDERED []
10-08 15:26:15.780 13760 13760 I ReaderEvidence: COMMITTED {"href":"EPUB\/notes\/endnotes.xhtml","type":"application\/xhtml+xml","locations":{"cssSelector":"#marked-note p","progression":0.7498842056507642,"position":3,"totalProgression":0.6666666666666666},"text":{"highlight":"MARKED CROSS DOCUMENT CONTENT"}}
10-08 15:26:49.198 13760 13760 I ReaderEvidence: ANNOTATION_RENDERED []
10-08 15:26:50.157 13760 13760 I ReaderEvidence: ANNOTATION_RENDERED []
10-08 15:26:50.613 13760 13760 I ReaderEvidence: VISIBLE {"href":"EPUB\/destination.xhtml","type":"application\/xhtml+xml","title":"Destination","locations":{"cssSelector":"#ordinary-destination","progression":0,"position":2,"totalProgression":0.5},"text":{"highlight":"ORDINARY DESTINATION"}}
10-08 15:26:50.614 13760 13760 I ReaderEvidence: ANNOTATION_RENDERED []
10-08 15:27:00.732 13760 13760 I ReaderEvidence: ORDINARY_LINK target=EPUB/source.xhtml#source-passage
10-08 15:27:01.144 13760 13760 I ReaderEvidence: VISIBLE {"href":"EPUB\/source.xhtml","type":"application\/xhtml+xml","title":"Source","locations":{"cssSelector":"#source-heading","progression":0,"position":1,"totalProgression":0},"text":{"highlight":"Marked short footnote fixture"}}
10-08 15:27:01.145 13760 13760 I ReaderEvidence: ANNOTATION_RENDERED []
10-08 15:27:01.147 13760 13760 I ReaderEvidence: COMMITTED {"href":"EPUB\/source.xhtml","type":"application\/xhtml+xml","title":"Source","locations":{"cssSelector":"#source-heading","progression":0,"position":1,"totalProgression":0},"text":{"highlight":"Marked short footnote fixture"}}
10-08 15:27:17.649 13760 13760 I ReaderEvidence: BOOK_NOTE_OPEN target=EPUB/source.xhtml#note-short displayed={"href":"EPUB\/source.xhtml","type":"application\/xhtml+xml","title":"Source","locations":{"cssSelector":"#source-heading","progression":0,"position":1,"totalProgression":0},"text":{"highlight":"Marked short footnote fixture"}} sourceTarget=EPUB/source.xhtml#note-ref committed={"href":"EPUB\/source.xhtml","type":"application\/xhtml+xml","title":"Source","locations":{"cssSelector":"#source-heading","progression":0,"position":1,"totalProgression":0},"text":{"highlight":"Marked short footnote fixture"}}
10-08 15:27:18.666 13760 13875 I ReaderEvidence: NOTE_RESOURCE path=favicon.ico bytes=0
10-08 15:27:21.698 13760 13760 I ReaderEvidence: BOOK_NOTE_CLOSE target=EPUB/source.xhtml#note-short source={"href":"EPUB\/source.xhtml","type":"application\/xhtml+xml","title":"Source","locations":{"cssSelector":"#source-heading","progression":0,"position":1,"totalProgression":0},"text":{"highlight":"Marked short footnote fixture"}}
10-08 15:27:27.009 13760 13760 I ReaderEvidence: ANNOTATION_RENDERED []
10-08 15:27:28.133 13760 13760 I ReaderEvidence: ANNOTATION_RENDERED []
10-08 15:27:28.504 13760 13760 I ReaderEvidence: VISIBLE {"href":"EPUB\/source.xhtml","type":"application\/xhtml+xml","title":"Source","locations":{"cssSelector":"#source-heading","progression":0,"position":1,"totalProgression":0},"text":{"highlight":"Marked long footnote fixture"}}
10-08 15:27:28.506 13760 13760 I ReaderEvidence: ANNOTATION_RENDERED []
10-08 15:27:52.243 13760 13760 I ReaderEvidence: BOOK_NOTE_OPEN target=EPUB/source.xhtml#note-long displayed={"href":"EPUB\/source.xhtml","type":"application\/xhtml+xml","title":"Source","locations":{"cssSelector":"#source-heading","progression":0,"position":1,"totalProgression":0},"text":{"highlight":"Marked long footnote fixture"}} sourceTarget=EPUB/source.xhtml#note-ref committed={"href":"EPUB\/source.xhtml","type":"application\/xhtml+xml","title":"Source","locations":{"cssSelector":"#source-heading","progression":0,"position":1,"totalProgression":0},"text":{"highlight":"Marked long footnote fixture"}}
10-08 15:27:52.659 13760 13875 I ReaderEvidence: NOTE_RESOURCE path=favicon.ico bytes=0
10-08 15:27:55.635 13760 13760 I ReaderEvidence: BOOK_NOTE_CLOSE target=EPUB/source.xhtml#note-long source={"href":"EPUB\/source.xhtml","type":"application\/xhtml+xml","title":"Source","locations":{"cssSelector":"#source-heading","progression":0,"position":1,"totalProgression":0},"text":{"highlight":"Marked long footnote fixture"}}
