--------- beginning of main
10-08 14:56:59.201  4429  4429 I ReaderEvidence: ANNOTATION_RENDERED []
10-08 14:57:01.380  4429  4429 I ReaderEvidence: VISIBLE {"href":"EPUB\/chapter1.xhtml","type":"application\/xhtml+xml","title":"El jardín de las palabras","locations":{"cssSelector":"#p-1-14","progression":0.5001543686322939,"position":1,"totalProgression":0},"text":{"highlight":"Pasaje 1.14: La viajera mira el jardín. Una canción recuerda el árbol, mientras los niños caminan entre flores. Cada palabra tiene su lugar en esta historia."}}
10-08 14:57:01.391  4429  4429 I ReaderEvidence: ANNOTATION_RENDERED []
10-08 14:59:31.984  4429  4429 I ReaderEvidence: DICTIONARY_IMPORTED id=ea80cc791b76c8a40d6d770e0d71a67d3e9075a1be98033883e7ce4f50ac71b7 name=Wikcionario Español-Español source=es target=es
10-08 15:01:00.991  5982  5982 I ReaderEvidence: ANNOTATION_RENDERED []
10-08 15:01:01.858  5982  5982 I ReaderEvidence: VISIBLE {"href":"EPUB\/chapter1.xhtml","type":"application\/xhtml+xml","title":"El jardín de las palabras","locations":{"cssSelector":"#p-1-14","progression":0.5001543686322939,"position":1,"totalProgression":0},"text":{"highlight":"Pasaje 1.14: La viajera mira el jardín. Una canción recuerda el árbol, mientras los niños caminan entre flores. Cada palabra tiene su lugar en esta historia."}}
10-08 15:01:01.863  5982  5982 I ReaderEvidence: ANNOTATION_RENDERED []
10-08 15:01:37.690  5982  5982 I ReaderEvidence: DICTIONARY_IMPORTED id=2b5959caf133d38f629c42fd4da8d254628ea2c3a62307691c6a78dd19e3a00f name=Wiktionary Spanish-English source=es target=en
10-08 15:03:13.885  5982  5982 I ReaderEvidence: DICTIONARY_IMPORTED id=55cc1b67920f82659088b15c6e8b9d787236b7fe5b345c8fc7a0b778509ec375 name=GNU Collaborative International Dictionary of English source=en target=en
10-08 15:03:44.895  5982  5982 I ReaderEvidence: DICTIONARY_IMPORTED id=55c0e95e9c19886d79800535a1b8c6779016fea7566cbb75fc29317a6a6d0717 name=Wikcionario Inglés-Español source=en target=es
10-08 15:04:14.606  5982  5982 E ReaderEvidence: Dictionary rejected: Missing or oversized en-es.idx
10-08 15:04:14.606  5982  5982 E ReaderEvidence: java.lang.IllegalArgumentException: Dictionary rejected: Missing or oversized en-es.idx
10-08 15:04:14.606  5982  5982 E ReaderEvidence: 	at dev.reader.ldx.DictionaryStore.importPackage(DictionaryPackage.kt:78)
10-08 15:04:14.606  5982  5982 E ReaderEvidence: 	at dev.reader.ldx.MainActivity$importDictionary$1$1$1$1$imported$1.invokeSuspend(MainActivity.kt:53)
10-08 15:04:14.606  5982  5982 E ReaderEvidence: 	at kotlin.coroutines.jvm.internal.BaseContinuationImpl.resumeWith(ContinuationImpl.kt:33)
10-08 15:04:14.606  5982  5982 E ReaderEvidence: 	at kotlinx.coroutines.DispatchedTask.run(DispatchedTask.kt:100)
10-08 15:04:14.606  5982  5982 E ReaderEvidence: 	at kotlinx.coroutines.internal.LimitedDispatcher$Worker.run(LimitedDispatcher.kt:124)
10-08 15:04:14.606  5982  5982 E ReaderEvidence: 	at kotlinx.coroutines.scheduling.TaskImpl.run(Tasks.kt:89)
10-08 15:04:14.606  5982  5982 E ReaderEvidence: 	at kotlinx.coroutines.scheduling.CoroutineScheduler.runSafely(CoroutineScheduler.kt:586)
10-08 15:04:14.606  5982  5982 E ReaderEvidence: 	at kotlinx.coroutines.scheduling.CoroutineScheduler$Worker.executeTask(CoroutineScheduler.kt:820)
10-08 15:04:14.606  5982  5982 E ReaderEvidence: 	at kotlinx.coroutines.scheduling.CoroutineScheduler$Worker.runWorker(CoroutineScheduler.kt:717)
10-08 15:04:14.606  5982  5982 E ReaderEvidence: 	at kotlinx.coroutines.scheduling.CoroutineScheduler$Worker.run(CoroutineScheduler.kt:704)
10-08 15:04:14.606  5982  5982 E ReaderEvidence: Caused by: java.lang.IllegalArgumentException: Missing or oversized en-es.idx
10-08 15:04:14.606  5982  5982 E ReaderEvidence: 	at dev.reader.ldx.DictionaryStore.importPackage$expand(DictionaryPackage.kt:55)
10-08 15:04:14.606  5982  5982 E ReaderEvidence: 	at dev.reader.ldx.DictionaryStore.importPackage(DictionaryPackage.kt:57)
10-08 15:04:14.606  5982  5982 E ReaderEvidence: 	... 9 more
10-08 15:04:58.037  5982  5982 I ReaderEvidence: DICTIONARY_IMPORTED id=ea80cc791b76c8a40d6d770e0d71a67d3e9075a1be98033883e7ce4f50ac71b7 name=Wikcionario Español-Español source=es target=es
10-08 15:05:41.179  5982  5982 I ReaderEvidence: SELECTION {"href":"EPUB\/chapter1.xhtml","type":"application\/xhtml+xml","title":"El jardín de las palabras","locations":{"progression":0.5001543686322939,"position":1,"totalProgression":0},"text":{"before":"La viajera mira el jardín. Una canción recuerda el árbol, mientras los niños caminan entre flores. Cada palabra tiene su lugar en esta historia.Pasaje 1.15: La viajera mira el jardín. Una ","highlight":"canción","after":" recuerda el árbol, mientras los niños caminan entre flores. Cada palabra tiene su lugar en esta historia.Pasaje 1.16: La viajera mira el jardín. Una canción recuerda el árbol, mientras los niños"}}
10-08 15:05:41.440  5982  5982 I ReaderEvidence: LOOKUP selected=canción source=es target=es headword=canción kind=Exact match elapsedMs=256
10-08 15:06:38.123  5982  5982 I ReaderEvidence: LOOKUP selected=canción source=es target=en headword=canción kind=Exact match elapsedMs=63
10-08 15:07:54.626  5982  5982 I ReaderEvidence: SELECTION {"href":"EPUB\/chapter1.xhtml","type":"application\/xhtml+xml","title":"El jardín de las palabras","locations":{"progression":0.5001543686322939,"position":1,"totalProgression":0},"text":{"before":"La viajera mira el jardín. Una canción recuerda el árbol, mientras los niños caminan entre flores. Cada palabra tiene su lugar en esta historia.Pasaje 1.15: La viajera mira el jardín. Una ","highlight":"canción","after":" recuerda el árbol, mientras los niños caminan entre flores. Cada palabra tiene su lugar en esta historia.Pasaje 1.16: La viajera mira el jardín. Una canción recuerda el árbol, mientras los niños"}}
10-08 15:07:55.749  5982  5982 I ReaderEvidence: LOOKUP selected=canción source=es target=es headword=canción kind=Exact match elapsedMs=1122
10-08 15:08:04.927  8556  8556 I ReaderEvidence: ANNOTATION_RENDERED []
10-08 15:08:05.628  8556  8556 I ReaderEvidence: VISIBLE {"href":"EPUB\/chapter1.xhtml","type":"application\/xhtml+xml","title":"El jardín de las palabras","locations":{"cssSelector":"#p-1-14","progression":0.5001543686322939,"position":1,"totalProgression":0},"text":{"highlight":"Pasaje 1.14: La viajera mira el jardín. Una canción recuerda el árbol, mientras los niños caminan entre flores. Cada palabra tiene su lugar en esta historia."}}
10-08 15:08:05.630  8556  8556 I ReaderEvidence: ANNOTATION_RENDERED []
10-08 15:08:40.587  8556  8556 I ReaderEvidence: SELECTION {"href":"EPUB\/chapter1.xhtml","type":"application\/xhtml+xml","title":"El jardín de las palabras","locations":{"progression":0.5001543686322939,"position":1,"totalProgression":0},"text":{"before":"La viajera mira el jardín. Una canción recuerda el árbol, mientras los niños caminan entre flores. Cada palabra tiene su lugar en esta historia.Pasaje 1.15: La viajera mira el jardín. Una ","highlight":"canción","after":" recuerda el árbol, mientras los niños caminan entre flores. Cada palabra tiene su lugar en esta historia.Pasaje 1.16: La viajera mira el jardín. Una canción recuerda el árbol, mientras los niños"}}
10-08 15:08:41.029  8556  8556 I ReaderEvidence: LOOKUP selected=canción source=es target=es headword=canción kind=Exact match elapsedMs=438
10-08 15:08:48.612  8556  8556 I ReaderEvidence: SELECTION {"href":"EPUB\/chapter1.xhtml","type":"application\/xhtml+xml","title":"El jardín de las palabras","locations":{"progression":0.5001543686322939,"position":1,"totalProgression":0},"text":{"before":"La viajera mira el jardín. Una canción recuerda el árbol, mientras los niños caminan entre flores. Cada palabra tiene su lugar en esta historia.Pasaje 1.15: La viajera mira el jardín. Una ","highlight":"canción","after":" recuerda el árbol, mientras los niños caminan entre flores. Cada palabra tiene su lugar en esta historia.Pasaje 1.16: La viajera mira el jardín. Una canción recuerda el árbol, mientras los niños"}}
10-08 15:09:08.717  8556  8556 I ReaderEvidence: SELECTION {"href":"EPUB\/chapter1.xhtml","type":"application\/xhtml+xml","title":"El jardín de las palabras","locations":{"progression":0.5001543686322939,"position":1,"totalProgression":0},"text":{"before":"La viajera mira el jardín. Una canción recuerda el árbol, mientras los niños caminan entre flores. Cada palabra tiene su lugar en esta historia.Pasaje 1.15: La viajera mira el jardín. Una ","highlight":"canción","after":" recuerda el árbol, mientras los niños caminan entre flores. Cada palabra tiene su lugar en esta historia.Pasaje 1.16: La viajera mira el jardín. Una canción recuerda el árbol, mientras los niños"}}
10-08 15:09:50.717  8556  8556 I ReaderEvidence: SELECTION {"href":"EPUB\/chapter1.xhtml","type":"application\/xhtml+xml","title":"El jardín de las palabras","locations":{"progression":0.5001543686322939,"position":1,"totalProgression":0},"text":{"before":"La viajera mira el jardín. Una canción recuerda el árbol, mientras los niños caminan entre flores. Cada palabra tiene su lugar en esta historia.Pasaje 1.15: La viajera mira el jardín. Una ","highlight":"canción","after":" recuerda el árbol, mientras los niños caminan entre flores. Cada palabra tiene su lugar en esta historia.Pasaje 1.16: La viajera mira el jardín. Una canción recuerda el árbol, mientras los niños"}}
10-08 15:09:57.360  8556  8556 I ReaderEvidence: LOOKUP selected=canción source=es target=es headword=canción kind=Exact match elapsedMs=150
10-08 15:10:02.471  8556  8556 I ReaderEvidence: SELECTION {"href":"EPUB\/chapter1.xhtml","type":"application\/xhtml+xml","title":"El jardín de las palabras","locations":{"progression":0.5001543686322939,"position":1,"totalProgression":0},"text":{"before":"La viajera mira el jardín. Una canción recuerda el árbol, mientras los niños caminan entre flores. Cada palabra tiene su lugar en esta historia.Pasaje 1.15: La viajera mira el jardín. Una ","highlight":"canción recuerda el árbol, mientras los niños caminan entre ","after":"flores. Cada palabra tiene su lugar en esta historia.Pasaje 1.16: La viajera mira el jardín. Una canción recuerda el árbol, mientras los niños caminan entre flores. Cada palabra tiene su lugar en"}}
10-08 15:10:02.957  8556  8556 I ReaderEvidence: LOOKUP selected=canción recuerda el árbol, mientras los niños caminan entre  source=es target=es headword=null kind=No entry. No supported package base form. elapsedMs=482
10-08 15:10:14.097  8556  8556 I ReaderEvidence: SELECTION {"href":"EPUB\/chapter1.xhtml","type":"application\/xhtml+xml","title":"El jardín de las palabras","locations":{"progression":0.5001543686322939,"position":1,"totalProgression":0},"text":{"before":"La viajera mira el jardín. Una canción recuerda el árbol, mientras los niños caminan entre flores. Cada palabra tiene su lugar en esta historia.Pasaje 1.15: La viajera mira el jardín. Una ","highlight":"canción recuerda el árbol, mientras los niños caminan entre ","after":"flores. Cada palabra tiene su lugar en esta historia.Pasaje 1.16: La viajera mira el jardín. Una canción recuerda el árbol, mientras los niños caminan entre flores. Cada palabra tiene su lugar en"}}
10-08 15:10:27.545  8556  8556 I ReaderEvidence: LOOKUP selected=canción recuerda el árbol, mientras los niños caminan entre  source=es target=es headword=null kind=No entry. No supported package base form. elapsedMs=164
10-08 15:11:47.690  8556  8556 I ReaderEvidence: LOOKUP selected=readerldxabsentzz source=es target=es headword=null kind=No entry. No supported package base form. elapsedMs=533
10-08 15:12:21.692  8556  8556 I ReaderEvidence: LOOKUP selected=afecten source=es target=en headword=afectar kind=Package synonym / base form elapsedMs=689
10-08 15:12:59.832  8556  8556 I ReaderEvidence: LOOKUP selected=afecten source=es target=es headword=afectar, afectarse kind=Package synonym / base form elapsedMs=494
10-08 15:13:36.505  8556  8556 I ReaderEvidence: ANNOTATION_RENDERED []
10-08 15:13:37.137  8556  8556 I ReaderEvidence: VISIBLE {"href":"EPUB\/chapter2.xhtml","type":"application\/xhtml+xml","title":"Chapter 2","locations":{"cssSelector":"#chapter-2","progression":0,"position":2,"totalProgression":0.5},"text":{"highlight":"The garden of words 2"}}
10-08 15:13:37.138  8556  8556 I ReaderEvidence: ANNOTATION_RENDERED []
10-08 15:14:06.083  8556  8556 I ReaderEvidence: SELECTION {"href":"EPUB\/chapter2.xhtml","type":"application\/xhtml+xml","title":"Chapter 2","locations":{"progression":0,"position":2,"totalProgression":0.5},"text":{"before":"The ","highlight":"garden","after":" of words 2I can't forget the children's stories. These gardens hold words and memories.Go to the second chapter [2].Passage 2.01: The traveler watches the garden. A song recalls the tree while"}}
10-08 15:14:06.714  8556  8556 I ReaderEvidence: LOOKUP selected=garden source=en target=en headword=garden kind=Exact match elapsedMs=629
10-08 15:14:24.932  8556  8556 I ReaderEvidence: LOOKUP selected=garden source=en target=es headword=garden kind=Exact match elapsedMs=35
10-08 15:17:06.776  8556  8556 I ReaderEvidence: SELECTION {"href":"EPUB\/chapter2.xhtml","type":"application\/xhtml+xml","title":"Chapter 2","locations":{"progression":0,"position":2,"totalProgression":0.5},"text":{"before":"t forget the children's stories. These gardens hold words and memories.Go to the second chapter [2].Passage 2.01: The traveler watches the garden. A song recalls the tree while children walk among ","highlight":"flowers","after":". Every word has its place in this story.Passage 2.02: The traveler watches the garden. A song recalls the tree while children walk among flowers. Every word has its place in this story.Passage"}}
10-08 15:17:07.106  8556  8556 I ReaderEvidence: LOOKUP selected=flowers source=en target=en headword=null kind=No entry. No supported package base form. elapsedMs=327
10-08 15:17:31.712  8556  8556 I ReaderEvidence: LOOKUP selected=flowers source=en target=es headword=flower kind=Package synonym / base form elapsedMs=59
10-08 15:17:55.839 11094 11094 I ReaderEvidence: ANNOTATION_RENDERED []
10-08 15:17:56.253 11094 11094 I ReaderEvidence: VISIBLE {"href":"EPUB\/chapter2.xhtml","type":"application\/xhtml+xml","title":"Chapter 2","locations":{"cssSelector":"#chapter-2","progression":0,"position":2,"totalProgression":0.5},"text":{"highlight":"The garden of words 2"}}
10-08 15:17:56.255 11094 11094 I ReaderEvidence: ANNOTATION_RENDERED []
10-08 15:19:43.842 11633 11633 I ReaderEvidence: ANNOTATION_RENDERED []
10-08 15:19:44.515 11633 11633 I ReaderEvidence: VISIBLE {"href":"EPUB\/chapter2.xhtml","type":"application\/xhtml+xml","title":"Chapter 2","locations":{"cssSelector":"#chapter-2","progression":0,"position":2,"totalProgression":0.5},"text":{"highlight":"The garden of words 2"}}
10-08 15:19:44.516 11633 11633 I ReaderEvidence: ANNOTATION_RENDERED []
10-08 15:20:07.252 11633 11633 I ReaderEvidence: ANNOTATION_RENDERED []
10-08 15:20:08.018 11633 11633 I ReaderEvidence: ANNOTATION_RENDERED []
10-08 15:20:08.360 11633 11633 I ReaderEvidence: VISIBLE {"href":"EPUB\/source.xhtml","type":"application\/xhtml+xml","title":"Source","locations":{"cssSelector":"#source-heading","progression":0,"position":1,"totalProgression":0},"text":{"highlight":"GENERIC SOURCE"}}
10-08 15:20:08.360 11633 11633 I ReaderEvidence: ANNOTATION_RENDERED []
10-08 15:20:08.362 11633 11633 I ReaderEvidence: COMMITTED {"href":"EPUB\/source.xhtml","type":"application\/xhtml+xml","title":"Source","locations":{"cssSelector":"#source-heading","progression":0,"position":1,"totalProgression":0},"text":{"highlight":"GENERIC SOURCE"}}
10-08 15:20:16.380 11633 11633 I ReaderEvidence: BOOK_NOTE_OPEN target=EPUB/notes/endnotes.xhtml#endnote-1 displayed={"href":"EPUB\/source.xhtml","type":"application\/xhtml+xml","title":"Source","locations":{"cssSelector":"#source-heading","progression":0,"position":1,"totalProgression":0},"text":{"highlight":"GENERIC SOURCE"}} sourceTarget=EPUB/source.xhtml#generic-ref committed={"href":"EPUB\/source.xhtml","type":"application\/xhtml+xml","title":"Source","locations":{"cssSelector":"#source-heading","progression":0,"position":1,"totalProgression":0},"text":{"highlight":"GENERIC SOURCE"}}
10-08 15:20:16.858 11633 11757 I ReaderEvidence: NOTE_RESOURCE path=EPUB/images/note.png bytes=312
10-08 15:20:17.446 11633 11758 I ReaderEvidence: NOTE_RESOURCE path=favicon.ico bytes=0
10-08 15:20:25.523 11633 11757 I ReaderEvidence: NOTE_RESOURCE path=favicon.ico bytes=0
10-08 15:21:15.185 12269 12269 I ReaderEvidence: ANNOTATION_RENDERED []
10-08 15:21:15.704 12269 12269 I ReaderEvidence: VISIBLE {"href":"EPUB\/source.xhtml","type":"application\/xhtml+xml","title":"Source","locations":{"cssSelector":"#source-heading","progression":0,"position":1,"totalProgression":0},"text":{"highlight":"GENERIC SOURCE"}}
10-08 15:21:15.707 12269 12269 I ReaderEvidence: ANNOTATION_RENDERED []
10-08 15:21:24.391 12269 12269 I ReaderEvidence: BOOK_NOTE_OPEN target=EPUB/notes/endnotes.xhtml#endnote-1 displayed={"href":"EPUB\/source.xhtml","type":"application\/xhtml+xml","title":"Source","locations":{"cssSelector":"#source-heading","progression":0,"position":1,"totalProgression":0},"text":{"highlight":"GENERIC SOURCE"}} sourceTarget=EPUB/source.xhtml#generic-ref committed={"href":"EPUB\/source.xhtml","type":"application\/xhtml+xml","title":"Source","locations":{"cssSelector":"#source-heading","progression":0,"position":1,"totalProgression":0},"text":{"highlight":"GENERIC SOURCE"}}
10-08 15:21:24.966 12269 12378 I ReaderEvidence: NOTE_RESOURCE path=EPUB/images/note.png bytes=312
10-08 15:21:25.097 12269 12378 I ReaderEvidence: NOTE_RESOURCE path=favicon.ico bytes=0
10-08 15:21:32.911 12269 12378 I ReaderEvidence: NOTE_RESOURCE path=favicon.ico bytes=0
10-08 15:21:32.912 12269 12269 I ReaderEvidence: BOOK_NOTE_NESTED target=EPUB/notes/endnotes.xhtml#nested committed={"href":"EPUB\/source.xhtml","type":"application\/xhtml+xml","title":"Source","locations":{"cssSelector":"#source-heading","progression":0,"position":1,"totalProgression":0},"text":{"highlight":"GENERIC SOURCE"}}
10-08 15:21:33.034 12269 12378 I ReaderEvidence: NOTE_RESOURCE path=EPUB/images/note.png bytes=312
10-08 15:21:33.057 12269 12378 I ReaderEvidence: NOTE_RESOURCE path=favicon.ico bytes=0
10-08 15:21:45.705 12269 12269 I ReaderEvidence: BOOK_NOTE_BACK target=EPUB/notes/endnotes.xhtml#endnote-1 committed={"href":"EPUB\/source.xhtml","type":"application\/xhtml+xml","title":"Source","locations":{"cssSelector":"#source-heading","progression":0,"position":1,"totalProgression":0},"text":{"highlight":"GENERIC SOURCE"}}
10-08 15:21:45.780 12269 12378 I ReaderEvidence: NOTE_RESOURCE path=EPUB/images/note.png bytes=312
10-08 15:21:45.868 12269 12378 I ReaderEvidence: NOTE_RESOURCE path=favicon.ico bytes=0
10-08 15:22:32.503 12269 12269 I ReaderEvidence: BOOK_NOTE_CLOSE target=EPUB/notes/endnotes.xhtml#endnote-1 source={"href":"EPUB\/source.xhtml","type":"application\/xhtml+xml","title":"Source","locations":{"cssSelector":"#source-heading","progression":0,"position":1,"totalProgression":0},"text":{"highlight":"GENERIC SOURCE"}}
10-08 15:22:53.743 12269 12269 I ReaderEvidence: BOOK_NOTE_OPEN target=EPUB/notes/endnotes.xhtml#role-note displayed={"href":"EPUB\/source.xhtml","type":"application\/xhtml+xml","title":"Source","locations":{"cssSelector":"#source-heading","progression":0,"position":1,"totalProgression":0},"text":{"highlight":"GENERIC SOURCE"}} sourceTarget=EPUB/source.xhtml#role-ref committed={"href":"EPUB\/source.xhtml","type":"application\/xhtml+xml","title":"Source","locations":{"cssSelector":"#source-heading","progression":0,"position":1,"totalProgression":0},"text":{"highlight":"GENERIC SOURCE"}}
10-08 15:22:54.958 12269 12378 I ReaderEvidence: NOTE_RESOURCE path=favicon.ico bytes=0
10-08 15:22:58.980 12269 12269 I ReaderEvidence: BOOK_NOTE_CLOSE target=EPUB/notes/endnotes.xhtml#role-note source={"href":"EPUB\/source.xhtml","type":"application\/xhtml+xml","title":"Source","locations":{"cssSelector":"#source-heading","progression":0,"position":1,"totalProgression":0},"text":{"highlight":"GENERIC SOURCE"}}
10-08 15:23:02.781 12269 12269 I ReaderEvidence: BOOK_NOTE_OPEN target=EPUB/notes/endnotes.xhtml#list-note displayed={"href":"EPUB\/source.xhtml","type":"application\/xhtml+xml","title":"Source","locations":{"cssSelector":"#source-heading","progression":0,"position":1,"totalProgression":0},"text":{"highlight":"GENERIC SOURCE"}} sourceTarget=EPUB/source.xhtml#list-ref committed={"href":"EPUB\/source.xhtml","type":"application\/xhtml+xml","title":"Source","locations":{"cssSelector":"#source-heading","progression":0,"position":1,"totalProgression":0},"text":{"highlight":"GENERIC SOURCE"}}
10-08 15:23:03.951 12269 12378 I ReaderEvidence: NOTE_RESOURCE path=favicon.ico bytes=0
10-08 15:23:06.507 12269 12269 I ReaderEvidence: BOOK_NOTE_CLOSE target=EPUB/notes/endnotes.xhtml#list-note source={"href":"EPUB\/source.xhtml","type":"application\/xhtml+xml","title":"Source","locations":{"cssSelector":"#source-heading","progression":0,"position":1,"totalProgression":0},"text":{"highlight":"GENERIC SOURCE"}}
10-08 15:23:08.237 12269 12269 I ReaderEvidence: BOOK_NOTE_OPEN target=EPUB/notes/endnotes.xhtml#marked-note displayed={"href":"EPUB\/source.xhtml","type":"application\/xhtml+xml","title":"Source","locations":{"cssSelector":"#source-heading","progression":0,"position":1,"totalProgression":0},"text":{"highlight":"GENERIC SOURCE"}} sourceTarget=EPUB/source.xhtml#marked-ref committed={"href":"EPUB\/source.xhtml","type":"application\/xhtml+xml","title":"Source","locations":{"cssSelector":"#source-heading","progression":0,"position":1,"totalProgression":0},"text":{"highlight":"GENERIC SOURCE"}}
10-08 15:23:08.863 12269 12378 I ReaderEvidence: NOTE_RESOURCE path=favicon.ico bytes=0
10-08 15:23:31.652 12269 12269 I ReaderEvidence: BOOK_NOTE_CLOSE target=EPUB/notes/endnotes.xhtml#marked-note source={"href":"EPUB\/source.xhtml","type":"application\/xhtml+xml","title":"Source","locations":{"cssSelector":"#source-heading","progression":0,"position":1,"totalProgression":0},"text":{"highlight":"GENERIC SOURCE"}}
10-08 15:23:33.156 12269 12269 I ReaderEvidence: BOOK_NOTE_OPEN target=EPUB/notes/endnotes.xhtml#endnote-1 displayed={"href":"EPUB\/source.xhtml","type":"application\/xhtml+xml","title":"Source","locations":{"cssSelector":"#source-heading","progression":0,"position":1,"totalProgression":0},"text":{"highlight":"GENERIC SOURCE"}} sourceTarget=EPUB/source.xhtml#generic-ref committed={"href":"EPUB\/source.xhtml","type":"application\/xhtml+xml","title":"Source","locations":{"cssSelector":"#source-heading","progression":0,"position":1,"totalProgression":0},"text":{"highlight":"GENERIC SOURCE"}}
10-08 15:23:33.432 12269 12378 I ReaderEvidence: NOTE_RESOURCE path=EPUB/images/note.png bytes=312
10-08 15:23:33.895 12269 12378 I ReaderEvidence: NOTE_RESOURCE path=favicon.ico bytes=0
10-08 15:24:21.716 12269 12269 I ReaderEvidence: BOOK_NOTE_NESTED target=EPUB/notes/endnotes.xhtml#nested committed={"href":"EPUB\/source.xhtml","type":"application\/xhtml+xml","title":"Source","locations":{"cssSelector":"#source-heading","progression":0,"position":1,"totalProgression":0},"text":{"highlight":"GENERIC SOURCE"}}
10-08 15:24:21.717 12269 12378 I ReaderEvidence: NOTE_RESOURCE path=favicon.ico bytes=0
10-08 15:24:21.784 12269 12378 I ReaderEvidence: NOTE_RESOURCE path=EPUB/images/note.png bytes=312
10-08 15:24:21.982 12269 12378 I ReaderEvidence: NOTE_RESOURCE path=favicon.ico bytes=0
10-08 15:24:23.916 12269 12269 I ReaderEvidence: BOOK_NOTE_BACKLINK target=EPUB/notes/endnotes.xhtml#endnote-1 committed={"href":"EPUB\/source.xhtml","type":"application\/xhtml+xml","title":"Source","locations":{"cssSelector":"#source-heading","progression":0,"position":1,"totalProgression":0},"text":{"highlight":"GENERIC SOURCE"}}
10-08 15:24:23.919 12269 12378 I ReaderEvidence: NOTE_RESOURCE path=favicon.ico bytes=0
10-08 15:24:23.978 12269 12378 I ReaderEvidence: NOTE_RESOURCE path=EPUB/images/note.png bytes=312
10-08 15:24:24.191 12269 12378 I ReaderEvidence: NOTE_RESOURCE path=favicon.ico bytes=0
10-08 15:24:25.618 12269 12269 I ReaderEvidence: BOOK_NOTE_CLOSE target=EPUB/notes/endnotes.xhtml#endnote-1 source={"href":"EPUB\/source.xhtml","type":"application\/xhtml+xml","title":"Source","locations":{"cssSelector":"#source-heading","progression":0,"position":1,"totalProgression":0},"text":{"highlight":"GENERIC SOURCE"}}
10-08 15:24:25.743 12269 12378 I ReaderEvidence: NOTE_RESOURCE path=favicon.ico bytes=0
10-08 15:24:52.365 12269 12269 I ReaderEvidence: BOOK_NOTE_OPEN target=EPUB/notes/endnotes.xhtml#endnote-1 displayed={"href":"EPUB\/source.xhtml","type":"application\/xhtml+xml","title":"Source","locations":{"cssSelector":"#source-heading","progression":0,"position":1,"totalProgression":0},"text":{"highlight":"GENERIC SOURCE"}} sourceTarget=EPUB/source.xhtml#generic-ref committed={"href":"EPUB\/source.xhtml","type":"application\/xhtml+xml","title":"Source","locations":{"cssSelector":"#source-heading","progression":0,"position":1,"totalProgression":0},"text":{"highlight":"GENERIC SOURCE"}}
10-08 15:24:52.873 12269 12378 I ReaderEvidence: NOTE_RESOURCE path=EPUB/images/note.png bytes=312
10-08 15:24:53.429 12269 12379 I ReaderEvidence: NOTE_RESOURCE path=favicon.ico bytes=0
10-08 15:24:55.882 12269 12269 I ReaderEvidence: BOOK_NOTE_NESTED target=EPUB/notes/endnotes.xhtml#nested committed={"href":"EPUB\/source.xhtml","type":"application\/xhtml+xml","title":"Source","locations":{"cssSelector":"#source-heading","progression":0,"position":1,"totalProgression":0},"text":{"highlight":"GENERIC SOURCE"}}
10-08 15:24:55.887 12269 12378 I ReaderEvidence: NOTE_RESOURCE path=favicon.ico bytes=0
10-08 15:24:56.068 12269 12378 I ReaderEvidence: NOTE_RESOURCE path=EPUB/images/note.png bytes=312
10-08 15:24:56.295 12269 12378 I ReaderEvidence: NOTE_RESOURCE path=favicon.ico bytes=0
10-08 15:25:02.884 12269 12269 I ReaderEvidence: BOOK_NOTE_BACK target=EPUB/notes/endnotes.xhtml#endnote-1 committed={"href":"EPUB\/source.xhtml","type":"application\/xhtml+xml","title":"Source","locations":{"cssSelector":"#source-heading","progression":0,"position":1,"totalProgression":0},"text":{"highlight":"GENERIC SOURCE"}}
10-08 15:25:02.978 12269 12378 I ReaderEvidence: NOTE_RESOURCE path=EPUB/images/note.png bytes=312
10-08 15:25:02.997 12269 12378 I ReaderEvidence: NOTE_RESOURCE path=favicon.ico bytes=0
10-08 15:25:11.710 12269 12378 I ReaderEvidence: NOTE_RESOURCE path=favicon.ico bytes=0
10-08 15:25:11.712 12269 12269 I ReaderEvidence: BOOK_NOTE_NESTED target=EPUB/notes/endnotes.xhtml#nested committed={"href":"EPUB\/source.xhtml","type":"application\/xhtml+xml","title":"Source","locations":{"cssSelector":"#source-heading","progression":0,"position":1,"totalProgression":0},"text":{"highlight":"GENERIC SOURCE"}}
10-08 15:25:11.925 12269 12378 I ReaderEvidence: NOTE_RESOURCE path=EPUB/images/note.png bytes=312
10-08 15:25:12.127 12269 12378 I ReaderEvidence: NOTE_RESOURCE path=favicon.ico bytes=0
10-08 15:25:20.960 13760 13760 I ReaderEvidence: ANNOTATION_RENDERED []
10-08 15:25:22.147 13760 13760 I ReaderEvidence: VISIBLE {"href":"EPUB\/source.xhtml","type":"application\/xhtml+xml","title":"Source","locations":{"cssSelector":"#source-heading","progression":0,"position":1,"totalProgression":0},"text":{"highlight":"GENERIC SOURCE"}}
10-08 15:25:22.152 13760 13760 I ReaderEvidence: ANNOTATION_RENDERED []
10-08 15:26:05.218 13760 13760 I ReaderEvidence: ORDINARY_LINK target=EPUB/destination.xhtml#ordinary-destination
10-08 15:26:05.910 13760 13760 I ReaderEvidence: VISIBLE {"href":"EPUB\/destination.xhtml","type":"application\/xhtml+xml","title":"Destination","locations":{"cssSelector":"#ordinary-destination","progression":0,"position":2,"totalProgression":0.3333333333333333},"text":{"highlight":"ORDINARY DESTINATION"}}
10-08 15:26:05.911 13760 13760 I ReaderEvidence: ANNOTATION_RENDERED []
10-08 15:26:05.924 13760 13760 I ReaderEvidence: COMMITTED {"href":"EPUB\/destination.xhtml","type":"application\/xhtml+xml","title":"Destination","locations":{"cssSelector":"#ordinary-destination","progression":0,"position":2,"totalProgression":0.3333333333333333},"text":{"highlight":"ORDINARY DESTINATION"}}
10-08 15:26:13.997 13760 13760 I ReaderEvidence: ORDINARY_LINK target=EPUB/source.xhtml#source-passage
10-08 15:26:14.395 13760 13760 I ReaderEvidence: VISIBLE {"href":"EPUB\/source.xhtml","type":"application\/xhtml+xml","title":"Source","locations":{"cssSelector":"#source-heading","progression":0,"position":1,"totalProgression":0},"text":{"highlight":"GENERIC SOURCE"}}
10-08 15:26:14.396 13760 13760 I ReaderEvidence: ANNOTATION_RENDERED []
10-08 15:26:14.397 13760 13760 I ReaderEvidence: COMMITTED {"href":"EPUB\/source.xhtml","type":"application\/xhtml+xml","title":"Source","locations":{"cssSelector":"#source-heading","progression":0,"position":1,"totalProgression":0},"text":{"highlight":"GENERIC SOURCE"}}
10-08 15:26:15.085 13760 13760 I ReaderEvidence: ORDINARY_LINK target=EPUB/notes/endnotes.xhtml#untyped
10-08 15:26:15.777 13760 13760 I ReaderEvidence: VISIBLE {"href":"EPUB\/notes\/endnotes.xhtml","type":"application\/xhtml+xml","locations":{"cssSelector":"#marked-note p","progression":0.7498842056507642,"position":3,"totalProgression":0.6666666666666666},"text":{"highlight":"MARKED CROSS DOCUMENT CONTENT"}}
10-08 15:26:15.778 13760 13760 I ReaderEvidence: ANNOTATION_RENDERED []
10-08 15:26:15.780 13760 13760 I ReaderEvidence: COMMITTED {"href":"EPUB\/notes\/endnotes.xhtml","type":"application\/xhtml+xml","locations":{"cssSelector":"#marked-note p","progression":0.7498842056507642,"position":3,"totalProgression":0.6666666666666666},"text":{"highlight":"MARKED CROSS DOCUMENT CONTENT"}}
10-08 15:26:49.198 13760 13760 I ReaderEvidence: ANNOTATION_RENDERED []
10-08 15:26:50.157 13760 13760 I ReaderEvidence: ANNOTATION_RENDERED []
10-08 15:26:50.613 13760 13760 I ReaderEvidence: VISIBLE {"href":"EPUB\/destination.xhtml","type":"application\/xhtml+xml","title":"Destination","locations":{"cssSelector":"#ordinary-destination","progression":0,"position":2,"totalProgression":0.5},"text":{"highlight":"ORDINARY DESTINATION"}}
10-08 15:26:50.614 13760 13760 I ReaderEvidence: ANNOTATION_RENDERED []
10-08 15:27:00.732 13760 13760 I ReaderEvidence: ORDINARY_LINK target=EPUB/source.xhtml#source-passage
10-08 15:27:01.144 13760 13760 I ReaderEvidence: VISIBLE {"href":"EPUB\/source.xhtml","type":"application\/xhtml+xml","title":"Source","locations":{"cssSelector":"#source-heading","progression":0,"position":1,"totalProgression":0},"text":{"highlight":"Marked short footnote fixture"}}
10-08 15:27:01.145 13760 13760 I ReaderEvidence: ANNOTATION_RENDERED []
10-08 15:27:01.147 13760 13760 I ReaderEvidence: COMMITTED {"href":"EPUB\/source.xhtml","type":"application\/xhtml+xml","title":"Source","locations":{"cssSelector":"#source-heading","progression":0,"position":1,"totalProgression":0},"text":{"highlight":"Marked short footnote fixture"}}
10-08 15:27:17.649 13760 13760 I ReaderEvidence: BOOK_NOTE_OPEN target=EPUB/source.xhtml#note-short displayed={"href":"EPUB\/source.xhtml","type":"application\/xhtml+xml","title":"Source","locations":{"cssSelector":"#source-heading","progression":0,"position":1,"totalProgression":0},"text":{"highlight":"Marked short footnote fixture"}} sourceTarget=EPUB/source.xhtml#note-ref committed={"href":"EPUB\/source.xhtml","type":"application\/xhtml+xml","title":"Source","locations":{"cssSelector":"#source-heading","progression":0,"position":1,"totalProgression":0},"text":{"highlight":"Marked short footnote fixture"}}
10-08 15:27:18.666 13760 13875 I ReaderEvidence: NOTE_RESOURCE path=favicon.ico bytes=0
10-08 15:27:21.698 13760 13760 I ReaderEvidence: BOOK_NOTE_CLOSE target=EPUB/source.xhtml#note-short source={"href":"EPUB\/source.xhtml","type":"application\/xhtml+xml","title":"Source","locations":{"cssSelector":"#source-heading","progression":0,"position":1,"totalProgression":0},"text":{"highlight":"Marked short footnote fixture"}}
10-08 15:27:27.009 13760 13760 I ReaderEvidence: ANNOTATION_RENDERED []
10-08 15:27:28.133 13760 13760 I ReaderEvidence: ANNOTATION_RENDERED []
10-08 15:27:28.504 13760 13760 I ReaderEvidence: VISIBLE {"href":"EPUB\/source.xhtml","type":"application\/xhtml+xml","title":"Source","locations":{"cssSelector":"#source-heading","progression":0,"position":1,"totalProgression":0},"text":{"highlight":"Marked long footnote fixture"}}
10-08 15:27:28.506 13760 13760 I ReaderEvidence: ANNOTATION_RENDERED []
10-08 15:27:52.243 13760 13760 I ReaderEvidence: BOOK_NOTE_OPEN target=EPUB/source.xhtml#note-long displayed={"href":"EPUB\/source.xhtml","type":"application\/xhtml+xml","title":"Source","locations":{"cssSelector":"#source-heading","progression":0,"position":1,"totalProgression":0},"text":{"highlight":"Marked long footnote fixture"}} sourceTarget=EPUB/source.xhtml#note-ref committed={"href":"EPUB\/source.xhtml","type":"application\/xhtml+xml","title":"Source","locations":{"cssSelector":"#source-heading","progression":0,"position":1,"totalProgression":0},"text":{"highlight":"Marked long footnote fixture"}}
10-08 15:27:52.659 13760 13875 I ReaderEvidence: NOTE_RESOURCE path=favicon.ico bytes=0
10-08 15:27:55.635 13760 13760 I ReaderEvidence: BOOK_NOTE_CLOSE target=EPUB/source.xhtml#note-long source={"href":"EPUB\/source.xhtml","type":"application\/xhtml+xml","title":"Source","locations":{"cssSelector":"#source-heading","progression":0,"position":1,"totalProgression":0},"text":{"highlight":"Marked long footnote fixture"}}
10-08 15:30:45.854 15317 15317 I ReaderEvidence: ANNOTATION_RENDERED []
10-08 15:30:46.139 15317 15317 I ReaderEvidence: SLIDER_STATE return=null positions=200
10-08 15:30:46.496 15317 15317 I ReaderEvidence: VISIBLE {"href":"EPUB\/source.xhtml","type":"application\/xhtml+xml","title":"Source","locations":{"cssSelector":"#source-heading","progression":0,"position":1,"totalProgression":0},"text":{"highlight":"Marked long footnote fixture"}}
10-08 15:30:46.496 15317 15317 I ReaderEvidence: ANNOTATION_RENDERED []
10-08 15:31:05.657 15317 15317 I ReaderEvidence: ORDINARY_LINK target=EPUB/destination.xhtml#ordinary-destination
10-08 15:31:06.229 15317 15317 I ReaderEvidence: VISIBLE {"href":"EPUB\/destination.xhtml","type":"application\/xhtml+xml","title":"Destination","locations":{"cssSelector":"#ordinary-destination","progression":0,"position":2,"totalProgression":0.5},"text":{"highlight":"ORDINARY DESTINATION"}}
10-08 15:31:06.231 15317 15317 I ReaderEvidence: ANNOTATION_RENDERED []
10-08 15:31:06.235 15317 15317 I ReaderEvidence: COMMITTED {"href":"EPUB\/destination.xhtml","type":"application\/xhtml+xml","title":"Destination","locations":{"cssSelector":"#ordinary-destination","progression":0,"position":2,"totalProgression":0.5},"text":{"highlight":"ORDINARY DESTINATION"}}
10-08 15:31:31.448 15317 15317 I ReaderEvidence: ANNOTATION_RENDERED []
10-08 15:31:31.782 15317 15317 I ReaderEvidence: SLIDER_STATE return=null positions=200
10-08 15:31:32.119 15317 15317 I ReaderEvidence: VISIBLE {"href":"EPUB\/chapter1.xhtml","type":"application\/xhtml+xml","title":"El jardín de las palabras","locations":{"cssSelector":"#p-1-14","progression":0.5001543686322939,"position":1,"totalProgression":0},"text":{"highlight":"Pasaje 1.14: La viajera mira el jardín. Una canción recuerda el árbol, mientras los niños caminan entre flores. Cada palabra tiene su lugar en esta historia."}}
10-08 15:31:32.120 15317 15317 I ReaderEvidence: ANNOTATION_RENDERED []
10-08 15:32:13.868 15317 15317 I ReaderEvidence: SLIDER_BEGIN source={"href":"EPUB\/chapter1.xhtml","type":"application\/xhtml+xml","title":"El jardín de las palabras","locations":{"cssSelector":"#p-1-19","progression":0.6668724915097253,"position":1,"totalProgression":0},"text":{"highlight":"Pasaje 1.19: La viajera mira el jardín. Una canción recuerda el árbol, mientras los niños caminan entre flores. Cada palabra tiene su lugar en esta historia."}}
10-08 15:32:36.669 15317 15317 I ReaderEvidence: VISIBLE {"href":"EPUB\/chapter2.xhtml","type":"application\/xhtml+xml","title":"Chapter 2","locations":{"cssSelector":"#p-2-19","progression":0.6668724915097253,"position":2,"totalProgression":0.5},"text":{"highlight":"Pasaje 2.19: La viajera mira el jardín. Una canción recuerda el árbol, mientras los niños caminan entre flores. Cada palabra tiene su lugar en esta historia."}}
10-08 15:32:36.670 15317 15317 I ReaderEvidence: ANNOTATION_RENDERED []
10-08 15:33:19.200 15317 15317 I ReaderEvidence: SLIDER_CANCEL committed={"href":"EPUB\/chapter1.xhtml","type":"application\/xhtml+xml","title":"El jardín de las palabras","locations":{"cssSelector":"#p-1-19","progression":0.6668724915097253,"position":1,"totalProgression":0},"text":{"highlight":"Pasaje 1.19: La viajera mira el jardín. Una canción recuerda el árbol, mientras los niños caminan entre flores. Cada palabra tiene su lugar en esta historia."}} return=null
10-08 15:33:19.412 15317 15317 I ReaderEvidence: VISIBLE {"href":"EPUB\/chapter1.xhtml","type":"application\/xhtml+xml","title":"El jardín de las palabras","locations":{"cssSelector":"#p-1-14","progression":0.5001543686322939,"position":1,"totalProgression":0},"text":{"highlight":"Pasaje 1.14: La viajera mira el jardín. Una canción recuerda el árbol, mientras los niños caminan entre flores. Cada palabra tiene su lugar en esta historia."}}
10-08 15:33:19.423 15317 15317 I ReaderEvidence: ANNOTATION_RENDERED []
10-08 15:34:11.289 15317 15317 I ReaderEvidence: SLIDER_BEGIN source={"href":"EPUB\/chapter1.xhtml","type":"application\/xhtml+xml","title":"El jardín de las palabras","locations":{"cssSelector":"#p-1-19","progression":0.6668724915097253,"position":1,"totalProgression":0},"text":{"highlight":"Pasaje 1.19: La viajera mira el jardín. Una canción recuerda el árbol, mientras los niños caminan entre flores. Cada palabra tiene su lugar en esta historia."}}
10-08 15:34:11.651 15317 15317 I ReaderEvidence: VISIBLE {"href":"EPUB\/chapter1.xhtml","type":"application\/xhtml+xml","title":"El jardín de las palabras","locations":{"cssSelector":"#p-1-09","progression":0.33343624575486264,"position":1,"totalProgression":0},"text":{"highlight":"Pasaje 1.09: La viajera mira el jardín. Una canción recuerda el árbol, mientras los niños caminan entre flores. Cada palabra tiene su lugar en esta historia."}}
10-08 15:34:11.652 15317 15317 I ReaderEvidence: ANNOTATION_RENDERED []
10-08 15:34:11.730 15317 15317 I ReaderEvidence: PREVIEW_SETTLED requested={"href":"EPUB\/chapter1.xhtml","type":"application\/xhtml+xml","locations":{"progression":0.38,"totalProgression":0.19}} viewport={"offset":822.8571166992188,"viewport":412,"width":2468} rendered={"href":"EPUB\/chapter1.xhtml","type":"application\/xhtml+xml","locations":{"cssSelector":"#p-1-09"},"text":{"highlight":"Pasaje 1.09: La viajera mira el jardín. Una canción recuerda el árbol, mientras los niños caminan entre flores. Cada palabra tiene su lugar en esta historia."}}
10-08 15:34:11.730 15317 15317 I ReaderEvidence: SLIDER_PREVIEW requested={"href":"EPUB\/chapter1.xhtml","type":"application\/xhtml+xml","locations":{"progression":0.38,"totalProgression":0.19}} visible={"href":"EPUB\/chapter1.xhtml","type":"application\/xhtml+xml","title":"El jardín de las palabras","locations":{"cssSelector":"#p-1-09","progression":0.33343624575486264,"position":1,"totalProgression":0},"text":{"highlight":"Pasaje 1.09: La viajera mira el jardín. Una canción recuerda el árbol, mientras los niños caminan entre flores. Cada palabra tiene su lugar en esta historia."}}
10-08 15:36:10.104 15317 15317 I ReaderEvidence: VISIBLE {"href":"EPUB\/chapter2.xhtml","type":"application\/xhtml+xml","title":"Chapter 2","locations":{"cssSelector":"#p-2-19","progression":0.6668724915097253,"position":2,"totalProgression":0.5},"text":{"highlight":"Pasaje 2.19: La viajera mira el jardín. Una canción recuerda el árbol, mientras los niños caminan entre flores. Cada palabra tiene su lugar en esta historia."}}
10-08 15:36:10.105 15317 15317 I ReaderEvidence: ANNOTATION_RENDERED []
