Starting a Gradle Daemon (subsequent builds will be faster)
Warning: SDK processing. This version only understands SDK XML versions up to 3 but an SDK XML file of version 4 was encountered. This can happen if you use versions of Android Studio and the command-line tools that were released at different times.
> Task :app:preBuild UP-TO-DATE
> Task :app:preDebugBuild UP-TO-DATE
> Task :app:mergeDebugNativeDebugMetadata NO-SOURCE
> Task :app:checkKotlinGradlePluginConfigurationErrors SKIPPED
> Task :app:generateDebugBuildConfig
> Task :app:generateDebugResValues
> Task :app:checkDebugAarMetadata
> Task :app:mapDebugSourceSetPaths
> Task :app:generateDebugResources
> Task :app:packageDebugResources
> Task :app:createDebugCompatibleScreenManifests
> Task :app:extractDeepLinksDebug
> Task :app:parseDebugLocalResources
> Task :app:mergeDebugResources
> Task :app:processDebugMainManifest
> Task :app:processDebugManifest
> Task :app:mergeDebugShaders
> Task :app:processDebugManifestForPackage
> Task :app:javaPreCompileDebug
> Task :app:compileDebugShaders NO-SOURCE
> Task :app:generateDebugAssets UP-TO-DATE
> Task :app:mergeDebugAssets
> Task :app:compressDebugAssets
> Task :app:processDebugResources
> Task :app:desugarDebugFileDependencies
> Task :app:mergeDebugJniLibFolders
> Task :app:checkDebugDuplicateClasses
> Task :app:mergeDebugNativeLibs
> Task :app:mergeLibDexDebug
> Task :app:mergeExtDexDebug

> Task :app:stripDebugDebugSymbols
Unable to strip the following libraries, packaging them as they are: libandroidx.graphics.path.so, libdatastore_shared_counter.so. Run with --info option to learn more.

> Task :app:validateSigningDebug
> Task :app:writeDebugAppMetadata
> Task :app:writeDebugSigningConfigVersions
> Task :app:kspDebugKotlin
> Task :app:l8DexDesugarLibDebug
> Task :app:compileDebugKotlin
w: file:///home/camilo/.t3/worktrees/reader-ldx/prototype-10-cross-page-selection/android/app/src/main/java/dev/reader/ldx/MainActivity.kt:116:36 'val systemWindowInsetLeft: Int' is deprecated. Deprecated in Java.
w: file:///home/camilo/.t3/worktrees/reader-ldx/prototype-10-cross-page-selection/android/app/src/main/java/dev/reader/ldx/MainActivity.kt:116:66 'val systemWindowInsetTop: Int' is deprecated. Deprecated in Java.
w: file:///home/camilo/.t3/worktrees/reader-ldx/prototype-10-cross-page-selection/android/app/src/main/java/dev/reader/ldx/MainActivity.kt:116:95 'val systemWindowInsetRight: Int' is deprecated. Deprecated in Java.
w: file:///home/camilo/.t3/worktrees/reader-ldx/prototype-10-cross-page-selection/android/app/src/main/java/dev/reader/ldx/MainActivity.kt:116:126 'val systemWindowInsetBottom: Int' is deprecated. Deprecated in Java.

> Task :app:compileDebugJavaWithJavac
> Task :app:dexBuilderDebug
> Task :app:mergeDebugGlobalSynthetics
> Task :app:processDebugJavaRes
> Task :app:mergeProjectDexDebug
> Task :app:mergeDebugJavaResource
> Task :app:packageDebug
> Task :app:createDebugApkListingFileRedirect
> Task :app:assembleDebug

[Incubating] Problems report is available at: file:///home/camilo/.t3/worktrees/reader-ldx/prototype-10-cross-page-selection/android/build/reports/problems/problems-report.html

Deprecated Gradle features were used in this build, making it incompatible with Gradle 9.0.

You can use '--warning-mode all' to show the individual deprecation warnings and determine if they come from your own scripts or plugins.

For more on this, please refer to https://docs.gradle.org/8.14.1/userguide/command_line_interface.html#sec:command_line_warnings in the Gradle documentation.

BUILD SUCCESSFUL in 3m 2s
39 actionable tasks: 39 executed
