--------- beginning of main
10-08 09:39:29.779 10490 10490 I ReaderEvidence: VISIBLE {"href":"EPUB\/source.xhtml","type":"application\/xhtml+xml","locations":{"progression":0}}
10-08 09:39:29.787 10490 10490 I ReaderEvidence: COMMITTED {"href":"EPUB\/source.xhtml","type":"application\/xhtml+xml","locations":{"progression":0}}
10-08 09:39:30.681 10490 10490 I ReaderEvidence: VISIBLE {"href":"EPUB\/source.xhtml","type":"application\/xhtml+xml","title":"Source","locations":{"cssSelector":"#source-heading","progression":0,"position":1,"totalProgression":0},"text":{"highlight":"Marked short footnote fixture"}}
10-08 09:39:30.682 10490 10490 I ReaderEvidence: COMMITTED {"href":"EPUB\/source.xhtml","type":"application\/xhtml+xml","title":"Source","locations":{"cssSelector":"#source-heading","progression":0,"position":1,"totalProgression":0},"text":{"highlight":"Marked short footnote fixture"}}
10-08 09:39:45.066 10490 10490 I ReaderEvidence: BOOK_NOTE_OPEN target=EPUB/source.xhtml#note-short source={"href":"EPUB\/source.xhtml","type":"application\/xhtml+xml","title":"Source","locations":{"cssSelector":"#source-heading","progression":0,"position":1,"totalProgression":0},"text":{"highlight":"Marked short footnote fixture"}}
10-08 09:40:06.503 10490 10490 I ReaderEvidence: BOOK_NOTE_CLOSE target=EPUB/source.xhtml#note-short source={"href":"EPUB\/source.xhtml","type":"application\/xhtml+xml","title":"Source","locations":{"cssSelector":"#source-heading","progression":0,"position":1,"totalProgression":0},"text":{"highlight":"Marked short footnote fixture"}}
10-08 09:40:07.625 10490 10490 I ReaderEvidence: BOOK_NOTE_OPEN target=EPUB/source.xhtml#note-short source={"href":"EPUB\/source.xhtml","type":"application\/xhtml+xml","title":"Source","locations":{"cssSelector":"#source-heading","progression":0,"position":1,"totalProgression":0},"text":{"highlight":"Marked short footnote fixture"}}
10-08 09:40:11.431 11012 11012 I ReaderEvidence: VISIBLE {"href":"EPUB\/source.xhtml","type":"application\/xhtml+xml","title":"Source","locations":{"cssSelector":"#source-heading","progression":0,"position":1,"totalProgression":0},"text":{"highlight":"Marked short footnote fixture"}}
10-08 09:40:11.939 11012 11012 I ReaderEvidence: VISIBLE {"href":"EPUB\/source.xhtml","type":"application\/xhtml+xml","title":"Source","locations":{"cssSelector":"#source-heading","progression":0,"position":1,"totalProgression":0},"text":{"highlight":"Marked short footnote fixture"}}
10-08 09:40:14.554 11012 11012 I ReaderEvidence: BOOK_NOTE_OPEN target=EPUB/source.xhtml#note-short source={"href":"EPUB\/source.xhtml","type":"application\/xhtml+xml","title":"Source","locations":{"cssSelector":"#source-heading","progression":0,"position":1,"totalProgression":0},"text":{"highlight":"Marked short footnote fixture"}}
10-08 09:40:21.970 11012 11012 I ReaderEvidence: BOOK_NOTE_CLOSE target=EPUB/source.xhtml#note-short source={"href":"EPUB\/source.xhtml","type":"application\/xhtml+xml","title":"Source","locations":{"cssSelector":"#source-heading","progression":0,"position":1,"totalProgression":0},"text":{"highlight":"Marked short footnote fixture"}}
10-08 09:40:22.448 11012 11012 I ReaderEvidence: BOOK_NOTE_OPEN target=EPUB/source.xhtml#note-short source={"href":"EPUB\/source.xhtml","type":"application\/xhtml+xml","title":"Source","locations":{"cssSelector":"#source-heading","progression":0,"position":1,"totalProgression":0},"text":{"highlight":"Marked short footnote fixture"}}
10-08 09:40:23.209 11012 11012 I ReaderEvidence: BOOK_NOTE_CLOSE target=EPUB/source.xhtml#note-short source={"href":"EPUB\/source.xhtml","type":"application\/xhtml+xml","title":"Source","locations":{"cssSelector":"#source-heading","progression":0,"position":1,"totalProgression":0},"text":{"highlight":"Marked short footnote fixture"}}
10-08 09:40:23.221 11012 11012 I ReaderEvidence: BOOK_NOTE_CLOSE target=null source={"href":"EPUB\/source.xhtml","type":"application\/xhtml+xml","title":"Source","locations":{"cssSelector":"#source-heading","progression":0,"position":1,"totalProgression":0},"text":{"highlight":"Marked short footnote fixture"}}
10-08 09:40:23.893 11012 11012 I ReaderEvidence: ORDINARY_LINK target=EPUB/destination.xhtml#ordinary-destination
10-08 09:40:24.315 11012 11012 I ReaderEvidence: VISIBLE {"href":"EPUB\/destination.xhtml","type":"application\/xhtml+xml","title":"Destination","locations":{"cssSelector":"#ordinary-destination","progression":0,"position":2,"totalProgression":0.5},"text":{"highlight":"ORDINARY DESTINATION"}}
10-08 09:40:24.317 11012 11012 I ReaderEvidence: COMMITTED {"href":"EPUB\/destination.xhtml","type":"application\/xhtml+xml","title":"Destination","locations":{"cssSelector":"#ordinary-destination","progression":0,"position":2,"totalProgression":0.5},"text":{"highlight":"ORDINARY DESTINATION"}}
10-08 09:40:41.076 11275 11275 I ReaderEvidence: VISIBLE {"href":"EPUB\/destination.xhtml","type":"application\/xhtml+xml","title":"Destination","locations":{"cssSelector":"#ordinary-destination","progression":0,"position":2,"totalProgression":0.5},"text":{"highlight":"ORDINARY DESTINATION"}}
10-08 09:40:41.329 11275 11275 I ReaderEvidence: VISIBLE {"href":"EPUB\/destination.xhtml","type":"application\/xhtml+xml","title":"Destination","locations":{"cssSelector":"#ordinary-destination","progression":0,"position":2,"totalProgression":0.5},"text":{"highlight":"ORDINARY DESTINATION"}}
10-08 09:40:54.198 11275 11275 I ReaderEvidence: VISIBLE {"href":"EPUB\/source.xhtml","type":"application\/xhtml+xml","locations":{"progression":0}}
10-08 09:40:54.202 11275 11275 I ReaderEvidence: COMMITTED {"href":"EPUB\/source.xhtml","type":"application\/xhtml+xml","locations":{"progression":0}}
10-08 09:40:54.744 11275 11275 I ReaderEvidence: VISIBLE {"href":"EPUB\/source.xhtml","type":"application\/xhtml+xml","title":"Source","locations":{"cssSelector":"#source-heading","progression":0,"position":1,"totalProgression":0},"text":{"highlight":"Marked long footnote fixture"}}
10-08 09:40:54.747 11275 11275 I ReaderEvidence: COMMITTED {"href":"EPUB\/source.xhtml","type":"application\/xhtml+xml","title":"Source","locations":{"cssSelector":"#source-heading","progression":0,"position":1,"totalProgression":0},"text":{"highlight":"Marked long footnote fixture"}}
10-08 09:41:03.933 11275 11275 I ReaderEvidence: BOOK_NOTE_OPEN target=EPUB/source.xhtml#note-long source={"href":"EPUB\/source.xhtml","type":"application\/xhtml+xml","title":"Source","locations":{"cssSelector":"#source-heading","progression":0,"position":1,"totalProgression":0},"text":{"highlight":"Marked long footnote fixture"}}
10-08 09:42:10.048 11275 11275 I ReaderEvidence: BOOK_NOTE_CLOSE target=EPUB/source.xhtml#note-long source={"href":"EPUB\/source.xhtml","type":"application\/xhtml+xml","title":"Source","locations":{"cssSelector":"#source-heading","progression":0,"position":1,"totalProgression":0},"text":{"highlight":"Marked long footnote fixture"}}
10-08 09:42:10.998 11275 11275 I ReaderEvidence: BOOK_NOTE_OPEN target=EPUB/source.xhtml#note-long source={"href":"EPUB\/source.xhtml","type":"application\/xhtml+xml","title":"Source","locations":{"cssSelector":"#source-heading","progression":0,"position":1,"totalProgression":0},"text":{"highlight":"Marked long footnote fixture"}}
10-08 09:42:14.589 11891 11891 I ReaderEvidence: VISIBLE {"href":"EPUB\/source.xhtml","type":"application\/xhtml+xml","title":"Source","locations":{"cssSelector":"#source-heading","progression":0,"position":1,"totalProgression":0},"text":{"highlight":"Marked long footnote fixture"}}
10-08 09:42:14.842 11891 11891 I ReaderEvidence: VISIBLE {"href":"EPUB\/source.xhtml","type":"application\/xhtml+xml","title":"Source","locations":{"cssSelector":"#source-heading","progression":0,"position":1,"totalProgression":0},"text":{"highlight":"Marked long footnote fixture"}}
