--------- beginning of main
10-08 22:11:12.503 11481 11481 I ReaderEvidence: ANNOTATION_RENDERED []
10-08 22:11:13.874 11481 11481 I ReaderEvidence: SLIDER_STATE return={"href":"EPUB\/chapter2.xhtml","type":"application\/xhtml+xml","title":"Chapter 2","locations":{"cssSelector":"#chapter-2","progression":0,"position":2,"totalProgression":0.5},"text":{"highlight":"El jardín de las palabras 2"}} positions=200
10-08 22:11:14.161 11481 11481 I ReaderEvidence: VISIBLE {"href":"EPUB\/chapter1.xhtml","type":"application\/xhtml+xml","title":"El jardín de las palabras","locations":{"cssSelector":"#p-1-04","progression":0.16671812287743132,"position":1,"totalProgression":0},"text":{"highlight":"Pasaje 1.04: La viajera mira el jardín. Una canción recuerda el árbol, mientras los niños caminan entre flores. Cada palabra tiene su lugar en esta historia."}}
10-08 22:11:14.163 11481 11481 I ReaderEvidence: ANNOTATION_RENDERED []
10-08 22:11:18.078 11481 11481 I ReaderEvidence: VISIBLE {"href":"EPUB\/chapter1.xhtml","type":"application\/xhtml+xml","title":"El jardín de las palabras","locations":{"cssSelector":"#chapter-1","progression":0,"position":1,"totalProgression":0},"text":{"highlight":"El jardín de las palabras 1"}}
10-08 22:11:18.083 11481 11481 I ReaderEvidence: ANNOTATION_RENDERED []
10-08 22:11:18.090 11481 11481 I ReaderEvidence: COMMITTED {"href":"EPUB\/chapter1.xhtml","type":"application\/xhtml+xml","title":"El jardín de las palabras","locations":{"cssSelector":"#chapter-1","progression":0,"position":1,"totalProgression":0},"text":{"highlight":"El jardín de las palabras 1"}}
10-08 22:11:51.619 11481 11481 I ReaderEvidence: ANNOTATION_RENDERED []
10-08 22:11:52.277 11481 11481 I ReaderEvidence: ANNOTATION_RENDERED []
10-08 22:11:52.288 11481 11481 I ReaderEvidence: SLIDER_STATE return=null positions=200
10-08 22:11:52.702 11481 11481 I ReaderEvidence: VISIBLE {"href":"EPUB\/chapter2.xhtml","type":"application\/xhtml+xml","title":"Chapter 2","locations":{"cssSelector":"#chapter-2","progression":0,"position":2,"totalProgression":0.5},"text":{"highlight":"The garden of words 2"}}
10-08 22:11:52.703 11481 11481 I ReaderEvidence: ANNOTATION_RENDERED []
10-08 22:12:02.379 12001 12001 I ReaderEvidence: ANNOTATION_RENDERED []
10-08 22:12:02.683 12001 12001 I ReaderEvidence: SLIDER_STATE return=null positions=200
10-08 22:12:02.939 12001 12001 I ReaderEvidence: VISIBLE {"href":"EPUB\/chapter2.xhtml","type":"application\/xhtml+xml","title":"Chapter 2","locations":{"cssSelector":"#chapter-2","progression":0,"position":2,"totalProgression":0.5},"text":{"highlight":"The garden of words 2"}}
10-08 22:12:02.939 12001 12001 I ReaderEvidence: ANNOTATION_RENDERED []
10-08 22:12:08.565 12001 12001 I ReaderEvidence: VISIBLE {"href":"EPUB\/chapter1.xhtml","type":"application\/xhtml+xml","title":"The garden of words","locations":{"cssSelector":"#p-1-24","progression":0.8335906143871565,"position":1,"totalProgression":0},"text":{"highlight":"Passage 1.24: The traveler watches the garden. A song recalls the tree while children walk among flowers. Every word has its place in this story."}}
10-08 22:12:08.566 12001 12001 I ReaderEvidence: ANNOTATION_RENDERED []
10-08 22:12:08.568 12001 12001 I ReaderEvidence: COMMITTED {"href":"EPUB\/chapter1.xhtml","type":"application\/xhtml+xml","title":"The garden of words","locations":{"cssSelector":"#p-1-24","progression":0.8335906143871565,"position":1,"totalProgression":0},"text":{"highlight":"Passage 1.24: The traveler watches the garden. A song recalls the tree while children walk among flowers. Every word has its place in this story."}}
10-08 22:12:11.051 12001 12001 I ReaderEvidence: VISIBLE {"href":"EPUB\/chapter2.xhtml","type":"application\/xhtml+xml","title":"Chapter 2","locations":{"cssSelector":"#chapter-2","progression":0,"position":2,"totalProgression":0.5},"text":{"highlight":"The garden of words 2"}}
10-08 22:12:11.051 12001 12001 I ReaderEvidence: ANNOTATION_RENDERED []
10-08 22:12:11.053 12001 12001 I ReaderEvidence: COMMITTED {"href":"EPUB\/chapter2.xhtml","type":"application\/xhtml+xml","title":"Chapter 2","locations":{"cssSelector":"#chapter-2","progression":0,"position":2,"totalProgression":0.5},"text":{"highlight":"The garden of words 2"}}
10-08 22:12:31.316 12001 12001 I ReaderEvidence: SELECTION {"href":"EPUB\/chapter2.xhtml","type":"application\/xhtml+xml","title":"Chapter 2","locations":{"progression":0,"position":2,"totalProgression":0.5},"text":{"before":"garden of words 2I ","highlight":"can't","after":" forget the children's stories. These gardens hold words and memories.Go to the second chapter [2].Passage 2.01: The traveler watches the garden. A song recalls the tree while children walk among"}}
10-08 22:13:35.739 12001 12001 I ReaderEvidence: SELECTION {"href":"EPUB\/chapter2.xhtml","type":"application\/xhtml+xml","title":"Chapter 2","locations":{"progression":0,"position":2,"totalProgression":0.5},"text":{"before":"garden of words 2I ","highlight":"can't","after":" forget the children's stories. These gardens hold words and memories.Go to the second chapter [2].Passage 2.01: The traveler watches the garden. A song recalls the tree while children walk among"}}
10-08 22:13:39.047 12001 12001 I ReaderEvidence: DICTIONARY_IMPORTED id=55cc1b67920f82659088b15c6e8b9d787236b7fe5b345c8fc7a0b778509ec375 name=GNU Collaborative International Dictionary of English source=en target=en
10-08 22:14:15.916 12001 12001 I ReaderEvidence: SELECTION {"href":"EPUB\/chapter2.xhtml","type":"application\/xhtml+xml","title":"Chapter 2","locations":{"progression":0,"position":2,"totalProgression":0.5},"text":{"before":"garden of words 2I ","highlight":"can't","after":" forget the children's stories. These gardens hold words and memories.Go to the second chapter [2].Passage 2.01: The traveler watches the garden. A song recalls the tree while children walk among"}}
10-08 22:14:15.987 12001 12001 I ReaderEvidence: DICTIONARY_IMPORTED id=55c0e95e9c19886d79800535a1b8c6779016fea7566cbb75fc29317a6a6d0717 name=Wikcionario Inglés-Español source=en target=es
10-08 22:14:16.226 12001 12001 I ReaderEvidence: LOOKUP selected=can't source=en target=en headword=null kind=No entry. No supported package base form. elapsedMs=309
10-08 22:14:29.021 12001 12001 I ReaderEvidence: SELECTION {"href":"EPUB\/chapter2.xhtml","type":"application\/xhtml+xml","title":"Chapter 2","locations":{"progression":0,"position":2,"totalProgression":0.5},"text":{"before":"garden of words 2I ","highlight":"can't","after":" forget the children's stories. These gardens hold words and memories.Go to the second chapter [2].Passage 2.01: The traveler watches the garden. A song recalls the tree while children walk among"}}
10-08 22:14:29.107 12001 12001 I ReaderEvidence: LOOKUP selected=can't source=en target=en headword=null kind=No entry. No supported package base form. elapsedMs=81
10-08 22:14:32.558 12001 12001 I ReaderEvidence: DICTIONARY_IMPORTED id=ea80cc791b76c8a40d6d770e0d71a67d3e9075a1be98033883e7ce4f50ac71b7 name=Wikcionario Español-Español source=es target=es
10-08 22:15:19.641 12001 12001 I ReaderEvidence: SELECTION {"href":"EPUB\/chapter2.xhtml","type":"application\/xhtml+xml","title":"Chapter 2","locations":{"progression":0,"position":2,"totalProgression":0.5},"text":{"before":"garden of words 2I ","highlight":"can't","after":" forget the children's stories. These gardens hold words and memories.Go to the second chapter [2].Passage 2.01: The traveler watches the garden. A song recalls the tree while children walk among"}}
10-08 22:15:19.778 12001 12001 I ReaderEvidence: LOOKUP selected=can't source=en target=en headword=null kind=No entry. No supported package base form. elapsedMs=135
10-08 22:15:23.527 12001 12001 I ReaderEvidence: DICTIONARY_IMPORTED id=2b5959caf133d38f629c42fd4da8d254628ea2c3a62307691c6a78dd19e3a00f name=Wiktionary Spanish-English source=es target=en
10-08 22:15:52.927 12001 12001 I ReaderEvidence: SELECTION {"href":"EPUB\/chapter2.xhtml","type":"application\/xhtml+xml","title":"Chapter 2","locations":{"progression":0,"position":2,"totalProgression":0.5},"text":{"before":"garden of words 2I ","highlight":"can't","after":" forget the children's stories. These gardens hold words and memories.Go to the second chapter [2].Passage 2.01: The traveler watches the garden. A song recalls the tree while children walk among"}}
10-08 22:15:53.074 12001 12001 I ReaderEvidence: LOOKUP selected=can't source=en target=en headword=null kind=No entry. No supported package base form. elapsedMs=146
10-08 22:15:55.413 12001 12001 I ReaderEvidence: LOOKUP selected=can't source=en target=en headword=null kind=No entry. No supported package base form. elapsedMs=105
10-08 22:16:24.543 12001 12001 E ReaderEvidence: Dictionary rejected: Missing or oversized en-es.idx
10-08 22:16:24.543 12001 12001 E ReaderEvidence: java.lang.IllegalArgumentException: Dictionary rejected: Missing or oversized en-es.idx
10-08 22:16:24.543 12001 12001 E ReaderEvidence: 	at dev.reader.ldx.DictionaryStore.importPackage(DictionaryPackage.kt:78)
10-08 22:16:24.543 12001 12001 E ReaderEvidence: 	at dev.reader.ldx.MainActivity$importDictionary$1$1$1$1$imported$1.invokeSuspend(MainActivity.kt:54)
10-08 22:16:24.543 12001 12001 E ReaderEvidence: 	at kotlin.coroutines.jvm.internal.BaseContinuationImpl.resumeWith(ContinuationImpl.kt:33)
10-08 22:16:24.543 12001 12001 E ReaderEvidence: 	at kotlinx.coroutines.DispatchedTask.run(DispatchedTask.kt:100)
10-08 22:16:24.543 12001 12001 E ReaderEvidence: 	at kotlinx.coroutines.internal.LimitedDispatcher$Worker.run(LimitedDispatcher.kt:124)
10-08 22:16:24.543 12001 12001 E ReaderEvidence: 	at kotlinx.coroutines.scheduling.TaskImpl.run(Tasks.kt:89)
10-08 22:16:24.543 12001 12001 E ReaderEvidence: 	at kotlinx.coroutines.scheduling.CoroutineScheduler.runSafely(CoroutineScheduler.kt:586)
10-08 22:16:24.543 12001 12001 E ReaderEvidence: 	at kotlinx.coroutines.scheduling.CoroutineScheduler$Worker.executeTask(CoroutineScheduler.kt:820)
10-08 22:16:24.543 12001 12001 E ReaderEvidence: 	at kotlinx.coroutines.scheduling.CoroutineScheduler$Worker.runWorker(CoroutineScheduler.kt:717)
10-08 22:16:24.543 12001 12001 E ReaderEvidence: 	at kotlinx.coroutines.scheduling.CoroutineScheduler$Worker.run(CoroutineScheduler.kt:704)
10-08 22:16:24.543 12001 12001 E ReaderEvidence: Caused by: java.lang.IllegalArgumentException: Missing or oversized en-es.idx
10-08 22:16:24.543 12001 12001 E ReaderEvidence: 	at dev.reader.ldx.DictionaryStore.importPackage$expand(DictionaryPackage.kt:55)
10-08 22:16:24.543 12001 12001 E ReaderEvidence: 	at dev.reader.ldx.DictionaryStore.importPackage(DictionaryPackage.kt:57)
10-08 22:16:24.543 12001 12001 E ReaderEvidence: 	... 9 more
10-08 22:16:25.774 12001 12001 I ReaderEvidence: SELECTION {"href":"EPUB\/chapter2.xhtml","type":"application\/xhtml+xml","title":"Chapter 2","locations":{"progression":0,"position":2,"totalProgression":0.5},"text":{"before":"garden of words 2I ","highlight":"can't","after":" forget the children's stories. These gardens hold words and memories.Go to the second chapter [2].Passage 2.01: The traveler watches the garden. A song recalls the tree while children walk among"}}
10-08 22:16:26.309 12001 12001 I ReaderEvidence: LOOKUP selected=can't source=en target=en headword=null kind=No entry. No supported package base form. elapsedMs=535
10-08 22:16:41.367 12001 12001 I ReaderEvidence: SELECTION {"href":"EPUB\/chapter2.xhtml","type":"application\/xhtml+xml","title":"Chapter 2","locations":{"progression":0,"position":2,"totalProgression":0.5},"text":{"before":"t forget the children's stories. These gardens hold words and memories.Go to the second chapter [2].Passage 2.01: The traveler watches the garden. A song recalls the tree while children walk among ","highlight":"flowers","after":". Every word has its place in this story.Passage 2.02: The traveler watches the garden. A song recalls the tree while children walk among flowers. Every word has its place in this story.Passage"}}
10-08 22:16:41.602 12001 12001 I ReaderEvidence: LOOKUP selected=flowers source=en target=en headword=null kind=No entry. No supported package base form. elapsedMs=234
10-08 22:16:50.229 12001 12001 I ReaderEvidence: LOOKUP selected=flowers source=en target=es headword=flower kind=Package synonym / base form elapsedMs=46
10-08 22:17:01.640 12001 12001 I ReaderEvidence: SELECTION {"href":"EPUB\/chapter2.xhtml","type":"application\/xhtml+xml","title":"Chapter 2","locations":{"progression":0,"position":2,"totalProgression":0.5},"text":{"before":"t forget the children's stories. These gardens hold words and memories.Go to the second chapter [2].Passage 2.01: The traveler watches the garden. A song recalls the tree while children walk among ","highlight":"flowers","after":". Every word has its place in this story.Passage 2.02: The traveler watches the garden. A song recalls the tree while children walk among flowers. Every word has its place in this story.Passage"}}
10-08 22:17:01.811 12001 12001 I ReaderEvidence: LOOKUP selected=flowers source=en target=en headword=null kind=No entry. No supported package base form. elapsedMs=169
10-08 22:17:09.074 14447 14447 I ReaderEvidence: ANNOTATION_RENDERED []
10-08 22:17:09.087 14447 14447 I ReaderEvidence: SLIDER_STATE return=null positions=200
10-08 22:17:09.581 14447 14447 I ReaderEvidence: VISIBLE {"href":"EPUB\/chapter2.xhtml","type":"application\/xhtml+xml","title":"Chapter 2","locations":{"cssSelector":"#chapter-2","progression":0,"position":2,"totalProgression":0.5},"text":{"highlight":"The garden of words 2"}}
10-08 22:17:09.581 14447 14447 I ReaderEvidence: ANNOTATION_RENDERED []
10-08 22:17:15.775 14447 14447 I ReaderEvidence: ANNOTATION_RENDERED []
10-08 22:17:16.430 14447 14447 I ReaderEvidence: ANNOTATION_RENDERED []
10-08 22:17:16.448 14447 14447 I ReaderEvidence: SLIDER_STATE return={"href":"EPUB\/chapter2.xhtml","type":"application\/xhtml+xml","title":"Chapter 2","locations":{"cssSelector":"#chapter-2","progression":0,"position":2,"totalProgression":0.5},"text":{"highlight":"El jardín de las palabras 2"}} positions=200
10-08 22:17:16.833 14447 14447 I ReaderEvidence: VISIBLE {"href":"EPUB\/chapter1.xhtml","type":"application\/xhtml+xml","title":"El jardín de las palabras","locations":{"cssSelector":"#chapter-1","progression":0,"position":1,"totalProgression":0},"text":{"highlight":"El jardín de las palabras 1"}}
10-08 22:17:16.834 14447 14447 I ReaderEvidence: ANNOTATION_RENDERED []
10-08 22:17:21.046 14447 14447 I ReaderEvidence: SELECTION {"href":"EPUB\/chapter1.xhtml","type":"application\/xhtml+xml","title":"El jardín de las palabras","locations":{"progression":0,"position":1,"totalProgression":0},"text":{"before":"jardín de las palabras 1Árbol, canción y corazón. Espero que estas palabras no ","highlight":"afecten","after":" la lectura.Ir al segundo capítulo [2].Pasaje 1.01: La viajera mira el jardín. Una canción recuerda el árbol, mientras los niños caminan entre flores. Cada palabra tiene su lugar en esta historia"}}
10-08 22:17:21.657 14447 14447 I ReaderEvidence: LOOKUP selected=afecten source=es target=es headword=afectar, afectarse kind=Package synonym / base form elapsedMs=610
10-08 22:17:57.646 14447 14447 I ReaderEvidence: SELECTION {"href":"EPUB\/chapter1.xhtml","type":"application\/xhtml+xml","title":"El jardín de las palabras","locations":{"progression":0,"position":1,"totalProgression":0},"text":{"before":"jardín de las palabras 1Árbol, ","highlight":"canción","after":" y corazón. Espero que estas palabras no afecten la lectura.Ir al segundo capítulo [2].Pasaje 1.01: La viajera mira el jardín. Una canción recuerda el árbol, mientras los niños caminan entre flores"}}
10-08 22:17:57.882 14447 14447 I ReaderEvidence: LOOKUP selected=canción source=es target=es headword=canción kind=Exact match elapsedMs=233
10-08 22:18:02.346 14447 14447 I ReaderEvidence: LOOKUP selected=canción source=es target=en headword=canción kind=Exact match elapsedMs=71
10-08 22:18:48.860 14447 14447 I ReaderEvidence: SELECTION {"href":"EPUB\/chapter1.xhtml","type":"application\/xhtml+xml","title":"El jardín de las palabras","locations":{"progression":0,"position":1,"totalProgression":0},"text":{"before":"jardín de las palabras 1Árbol, ","highlight":"canción","after":" y corazón. Espero que estas palabras no afecten la lectura.Ir al segundo capítulo [2].Pasaje 1.01: La viajera mira el jardín. Una canción recuerda el árbol, mientras los niños caminan entre flores"}}
10-08 22:18:49.020 14447 14447 I ReaderEvidence: LOOKUP selected=canción source=es target=es headword=canción kind=Exact match elapsedMs=159
10-08 22:19:20.747 14447 14447 I ReaderEvidence: SELECTION {"href":"EPUB\/chapter1.xhtml","type":"application\/xhtml+xml","title":"El jardín de las palabras","locations":{"progression":0,"position":1,"totalProgression":0},"text":{"before":"jardín de las palabras 1Árbol, ","highlight":"canción","after":" y corazón. Espero que estas palabras no afecten la lectura.Ir al segundo capítulo [2].Pasaje 1.01: La viajera mira el jardín. Una canción recuerda el árbol, mientras los niños caminan entre flores"}}
10-08 22:19:20.963 14447 14447 I ReaderEvidence: LOOKUP selected=canción source=es target=es headword=canción kind=Exact match elapsedMs=214
10-08 22:19:29.361 14447 14447 I ReaderEvidence: LOOKUP selected=readerldxabsentzz source=es target=es headword=null kind=No entry. No supported package base form. elapsedMs=66
10-08 22:19:42.536 14447 14447 I ReaderEvidence: LOOKUP selected=this phrase has no dictionary entry source=es target=es headword=null kind=No entry. No supported package base form. elapsedMs=82
10-08 22:20:07.555 14447 14447 I ReaderEvidence: ANNOTATION_RENDERED []
10-08 22:20:07.856 14447 14447 I ReaderEvidence: SLIDER_STATE return={"href":"EPUB\/chapter2.xhtml","type":"application\/xhtml+xml","title":"Chapter 2","locations":{"cssSelector":"#chapter-2","progression":0,"position":2,"totalProgression":0.5},"text":{"highlight":"El jardín de las palabras 2"}} positions=200
10-08 22:20:08.156 14447 14447 I ReaderEvidence: VISIBLE {"href":"EPUB\/chapter1.xhtml","type":"application\/xhtml+xml","title":"El jardín de las palabras","locations":{"cssSelector":"#chapter-1","progression":0,"position":1,"totalProgression":0},"text":{"highlight":"El jardín de las palabras 1"}}
10-08 22:20:08.157 14447 14447 I ReaderEvidence: ANNOTATION_RENDERED []
10-08 22:20:12.630 14447 14447 I ReaderEvidence: SELECTION {"href":"EPUB\/chapter1.xhtml","type":"application\/xhtml+xml","title":"El jardín de las palabras","locations":{"progression":0,"position":1,"totalProgression":0},"text":{"before":"jardín de las palabras 1Árbol, ","highlight":"canción","after":" y corazón. Espero que estas palabras no afecten la lectura.Ir al segundo capítulo [2].Pasaje 1.01: La viajera mira el jardín. Una canción recuerda el árbol, mientras los niños caminan entre flores"}}
10-08 22:20:12.863 14447 14447 I ReaderEvidence: LOOKUP selected=canción source=es target=es headword=canción kind=Exact match elapsedMs=230
10-08 22:20:13.964 14447 14447 I ReaderEvidence: SELECTION {"href":"EPUB\/chapter1.xhtml","type":"application\/xhtml+xml","title":"El jardín de las palabras","locations":{"progression":0,"position":1,"totalProgression":0},"text":{"before":"jardín de las palabras 1Árbol, ","highlight":"canción","after":" y corazón. Espero que estas palabras no afecten la lectura.Ir al segundo capítulo [2].Pasaje 1.01: La viajera mira el jardín. Una canción recuerda el árbol, mientras los niños caminan entre flores"}}
10-08 22:20:31.751 14447 14447 I ReaderEvidence: ANNOTATION_SAVED id=490ca24b-4cfe-4091-b12d-2cbfbdcff56a kind=passage color=Yellow note=combined-note-v1 canción range={"href":"EPUB\/chapter1.xhtml","type":"application\/xhtml+xml","title":"El jardín de las palabras","locations":{"progression":0,"position":1,"totalProgression":0},"text":{"before":"jardín de las palabras 1Árbol, ","highlight":"canción","after":" y corazón. Espero que estas palabras no afecten la lectura.Ir al segundo capítulo [2].Pasaje 1.01: La viajera mira el jardín. Una canción recuerda el árbol, mientras los niños caminan entre flores"}}
10-08 22:20:32.055 14447 14447 I ReaderEvidence: ANNOTATION_RENDERED [{"boxes":1,"endElement":"lead-1","endOffset":14,"id":"490ca24b-4cfe-4091-b12d-2cbfbdcff56a","startElement":"lead-1","startOffset":7,"text":"canción"}]
10-08 22:20:32.055 14447 14447 I ReaderEvidence: ANNOTATION_RESTORED id=490ca24b-4cfe-4091-b12d-2cbfbdcff56a kind=passage color=Yellow note=combined-note-v1 canción range={"href":"EPUB\/chapter1.xhtml","type":"application\/xhtml+xml","title":"El jardín de las palabras","locations":{"progression":0,"position":1,"totalProgression":0},"text":{"before":"jardín de las palabras 1Árbol, ","highlight":"canción","after":" y corazón. Espero que estas palabras no afecten la lectura.Ir al segundo capítulo [2].Pasaje 1.01: La viajera mira el jardín. Una canción recuerda el árbol, mientras los niños caminan entre flores"}}
10-08 22:20:36.975 14447 14447 I ReaderEvidence: SELECTION {"href":"EPUB\/chapter1.xhtml","type":"application\/xhtml+xml","title":"El jardín de las palabras","locations":{"progression":0,"position":1,"totalProgression":0},"text":{"before":"jardín de las palabras 1Árbol, ","highlight":"canción","after":" y corazón. Espero que estas palabras no afecten la lectura.Ir al segundo capítulo [2].Pasaje 1.01: La viajera mira el jardín. Una canción recuerda el árbol, mientras los niños caminan entre flores"}}
10-08 22:20:37.199 14447 14447 I ReaderEvidence: LOOKUP selected=canción source=es target=es headword=canción kind=Exact match elapsedMs=223
10-08 22:21:01.125 14447 14447 I ReaderEvidence: ANNOTATION_SAVED id=490ca24b-4cfe-4091-b12d-2cbfbdcff56a kind=passage color=Aqua note=combined-note-v2 edited durable range={"href":"EPUB\/chapter1.xhtml","type":"application\/xhtml+xml","title":"El jardín de las palabras","locations":{"progression":0,"position":1,"totalProgression":0},"text":{"before":"jardín de las palabras 1Árbol, ","highlight":"canción","after":" y corazón. Espero que estas palabras no afecten la lectura.Ir al segundo capítulo [2].Pasaje 1.01: La viajera mira el jardín. Una canción recuerda el árbol, mientras los niños caminan entre flores"}}
10-08 22:21:01.620 14447 14447 I ReaderEvidence: ANNOTATION_RENDERED [{"boxes":1,"endElement":"lead-1","endOffset":14,"id":"490ca24b-4cfe-4091-b12d-2cbfbdcff56a","startElement":"lead-1","startOffset":7,"text":"canción"}]
10-08 22:21:01.620 14447 14447 I ReaderEvidence: ANNOTATION_RESTORED id=490ca24b-4cfe-4091-b12d-2cbfbdcff56a kind=passage color=Aqua note=combined-note-v2 edited durable range={"href":"EPUB\/chapter1.xhtml","type":"application\/xhtml+xml","title":"El jardín de las palabras","locations":{"progression":0,"position":1,"totalProgression":0},"text":{"before":"jardín de las palabras 1Árbol, ","highlight":"canción","after":" y corazón. Espero que estas palabras no afecten la lectura.Ir al segundo capítulo [2].Pasaje 1.01: La viajera mira el jardín. Una canción recuerda el árbol, mientras los niños caminan entre flores"}}
10-08 22:21:09.710 16598 16598 I ReaderEvidence: ANNOTATION_RENDERED [{"boxes":1,"endElement":"lead-1","endOffset":14,"id":"490ca24b-4cfe-4091-b12d-2cbfbdcff56a","startElement":"lead-1","startOffset":7,"text":"canción"}]
10-08 22:21:09.710 16598 16598 I ReaderEvidence: ANNOTATION_RESTORED id=490ca24b-4cfe-4091-b12d-2cbfbdcff56a kind=passage color=Aqua note=combined-note-v2 edited durable range={"href":"EPUB\/chapter1.xhtml","type":"application\/xhtml+xml","title":"El jardín de las palabras","locations":{"progression":0,"position":1,"totalProgression":0},"text":{"before":"jardín de las palabras 1Árbol, ","highlight":"canción","after":" y corazón. Espero que estas palabras no afecten la lectura.Ir al segundo capítulo [2].Pasaje 1.01: La viajera mira el jardín. Una canción recuerda el árbol, mientras los niños caminan entre flores"}}
10-08 22:21:09.716 16598 16598 I ReaderEvidence: SLIDER_STATE return={"href":"EPUB\/chapter2.xhtml","type":"application\/xhtml+xml","title":"Chapter 2","locations":{"cssSelector":"#chapter-2","progression":0,"position":2,"totalProgression":0.5},"text":{"highlight":"El jardín de las palabras 2"}} positions=200
10-08 22:21:10.073 16598 16598 I ReaderEvidence: VISIBLE {"href":"EPUB\/chapter1.xhtml","type":"application\/xhtml+xml","title":"El jardín de las palabras","locations":{"cssSelector":"#chapter-1","progression":0,"position":1,"totalProgression":0},"text":{"highlight":"El jardín de las palabras 1"}}
10-08 22:21:10.073 16598 16598 I ReaderEvidence: ANNOTATION_RENDERED [{"boxes":1,"endElement":"lead-1","endOffset":14,"id":"490ca24b-4cfe-4091-b12d-2cbfbdcff56a","startElement":"lead-1","startOffset":7,"text":"canción"}]
10-08 22:21:28.180 16598 16598 I ReaderEvidence: ANNOTATION_NAVIGATE kind=passage range={"href":"EPUB\/chapter1.xhtml","type":"application\/xhtml+xml","title":"El jardín de las palabras","locations":{"progression":0,"position":1,"totalProgression":0},"text":{"before":"jardín de las palabras 1Árbol, ","highlight":"canción","after":" y corazón. Espero que estas palabras no afecten la lectura.Ir al segundo capítulo [2].Pasaje 1.01: La viajera mira el jardín. Una canción recuerda el árbol, mientras los niños caminan entre flores"}}
10-08 22:21:32.021 16598 16598 I ReaderEvidence: COMMITTED {"href":"EPUB\/chapter1.xhtml","type":"application\/xhtml+xml","title":"El jardín de las palabras","locations":{"cssSelector":"#chapter-1","progression":0,"position":1,"totalProgression":0},"text":{"highlight":"El jardín de las palabras 1"}}
10-08 22:21:33.005 16598 16598 I ReaderEvidence: ANNOTATION_RENDERED [{"boxes":1,"endElement":"lead-1","endOffset":14,"id":"490ca24b-4cfe-4091-b12d-2cbfbdcff56a","startElement":"lead-1","startOffset":7,"text":"canción"}]
10-08 22:21:33.005 16598 16598 I ReaderEvidence: ANNOTATION_RESTORED id=490ca24b-4cfe-4091-b12d-2cbfbdcff56a kind=passage color=Aqua note=combined-note-v2 edited durable range={"href":"EPUB\/chapter1.xhtml","type":"application\/xhtml+xml","title":"El jardín de las palabras","locations":{"progression":0,"position":1,"totalProgression":0},"text":{"before":"jardín de las palabras 1Árbol, ","highlight":"canción","after":" y corazón. Espero que estas palabras no afecten la lectura.Ir al segundo capítulo [2].Pasaje 1.01: La viajera mira el jardín. Una canción recuerda el árbol, mientras los niños caminan entre flores"}}
10-08 22:21:33.171 16598 16598 I ReaderEvidence: REFLOW anchor={"href":"EPUB\/chapter1.xhtml","type":"application\/xhtml+xml","title":"El jardín de las palabras","locations":{"cssSelector":"#chapter-1","progression":0,"position":1,"totalProgression":0},"text":{"highlight":"El jardín de las palabras 1"}}
10-08 22:21:33.418 16598 16598 I ReaderEvidence: VISIBLE {"href":"EPUB\/chapter1.xhtml","type":"application\/xhtml+xml","title":"El jardín de las palabras","locations":{"cssSelector":"#chapter-1","progression":0,"position":1,"totalProgression":0},"text":{"highlight":"El jardín de las palabras 1"}}
10-08 22:21:33.419 16598 16598 I ReaderEvidence: ANNOTATION_RENDERED [{"boxes":1,"endElement":"lead-1","endOffset":14,"id":"490ca24b-4cfe-4091-b12d-2cbfbdcff56a","startElement":"lead-1","startOffset":7,"text":"canción"}]
10-08 22:21:34.402 16598 16598 I ReaderEvidence: COMMITTED {"href":"EPUB\/chapter1.xhtml","type":"application\/xhtml+xml","title":"El jardín de las palabras","locations":{"cssSelector":"#chapter-1","progression":0,"position":1,"totalProgression":0},"text":{"highlight":"El jardín de las palabras 1"}}
10-08 22:21:35.369 16598 16598 I ReaderEvidence: ANNOTATION_RENDERED [{"boxes":1,"endElement":"lead-1","endOffset":14,"id":"490ca24b-4cfe-4091-b12d-2cbfbdcff56a","startElement":"lead-1","startOffset":7,"text":"canción"}]
10-08 22:21:35.369 16598 16598 I ReaderEvidence: ANNOTATION_RESTORED id=490ca24b-4cfe-4091-b12d-2cbfbdcff56a kind=passage color=Aqua note=combined-note-v2 edited durable range={"href":"EPUB\/chapter1.xhtml","type":"application\/xhtml+xml","title":"El jardín de las palabras","locations":{"progression":0,"position":1,"totalProgression":0},"text":{"before":"jardín de las palabras 1Árbol, ","highlight":"canción","after":" y corazón. Espero que estas palabras no afecten la lectura.Ir al segundo capítulo [2].Pasaje 1.01: La viajera mira el jardín. Una canción recuerda el árbol, mientras los niños caminan entre flores"}}
10-08 22:21:35.495 16598 16598 I ReaderEvidence: REFLOW anchor={"href":"EPUB\/chapter1.xhtml","type":"application\/xhtml+xml","title":"El jardín de las palabras","locations":{"cssSelector":"#chapter-1","progression":0,"position":1,"totalProgression":0},"text":{"highlight":"El jardín de las palabras 1"}}
10-08 22:21:35.748 16598 16598 I ReaderEvidence: VISIBLE {"href":"EPUB\/chapter1.xhtml","type":"application\/xhtml+xml","title":"El jardín de las palabras","locations":{"cssSelector":"#chapter-1","progression":0,"position":1,"totalProgression":0},"text":{"highlight":"El jardín de las palabras 1"}}
10-08 22:21:35.749 16598 16598 I ReaderEvidence: ANNOTATION_RENDERED [{"boxes":1,"endElement":"lead-1","endOffset":14,"id":"490ca24b-4cfe-4091-b12d-2cbfbdcff56a","startElement":"lead-1","startOffset":7,"text":"canción"}]
10-08 22:21:43.381 17079 17079 I ReaderEvidence: ANNOTATION_RENDERED [{"boxes":1,"endElement":"lead-1","endOffset":14,"id":"490ca24b-4cfe-4091-b12d-2cbfbdcff56a","startElement":"lead-1","startOffset":7,"text":"canción"}]
10-08 22:21:43.381 17079 17079 I ReaderEvidence: ANNOTATION_RESTORED id=490ca24b-4cfe-4091-b12d-2cbfbdcff56a kind=passage color=Aqua note=combined-note-v2 edited durable range={"href":"EPUB\/chapter1.xhtml","type":"application\/xhtml+xml","title":"El jardín de las palabras","locations":{"progression":0,"position":1,"totalProgression":0},"text":{"before":"jardín de las palabras 1Árbol, ","highlight":"canción","after":" y corazón. Espero que estas palabras no afecten la lectura.Ir al segundo capítulo [2].Pasaje 1.01: La viajera mira el jardín. Una canción recuerda el árbol, mientras los niños caminan entre flores"}}
10-08 22:21:43.718 17079 17079 I ReaderEvidence: SLIDER_STATE return={"href":"EPUB\/chapter2.xhtml","type":"application\/xhtml+xml","title":"Chapter 2","locations":{"cssSelector":"#chapter-2","progression":0,"position":2,"totalProgression":0.5},"text":{"highlight":"El jardín de las palabras 2"}} positions=200
10-08 22:21:43.971 17079 17079 I ReaderEvidence: VISIBLE {"href":"EPUB\/chapter1.xhtml","type":"application\/xhtml+xml","title":"El jardín de las palabras","locations":{"cssSelector":"#chapter-1","progression":0,"position":1,"totalProgression":0},"text":{"highlight":"El jardín de las palabras 1"}}
10-08 22:21:43.972 17079 17079 I ReaderEvidence: ANNOTATION_RENDERED [{"boxes":1,"endElement":"lead-1","endOffset":14,"id":"490ca24b-4cfe-4091-b12d-2cbfbdcff56a","startElement":"lead-1","startOffset":7,"text":"canción"}]
10-08 22:21:54.649 17079 17079 I ReaderEvidence: ANNOTATION_SAVED id=014c1875-b09d-4ebe-bb0b-761f71985fdd kind=bookmark color=Yellow note= range={"href":"EPUB\/chapter1.xhtml","type":"application\/xhtml+xml","title":"El jardín de las palabras","locations":{"cssSelector":"#chapter-1","progression":0,"position":1,"totalProgression":0},"text":{"highlight":"El jardín de las palabras 1"}}
10-08 22:21:54.999 17079 17079 I ReaderEvidence: ANNOTATION_RENDERED [{"boxes":1,"endElement":"lead-1","endOffset":14,"id":"490ca24b-4cfe-4091-b12d-2cbfbdcff56a","startElement":"lead-1","startOffset":7,"text":"canción"}]
10-08 22:21:54.999 17079 17079 I ReaderEvidence: ANNOTATION_RESTORED id=490ca24b-4cfe-4091-b12d-2cbfbdcff56a kind=passage color=Aqua note=combined-note-v2 edited durable range={"href":"EPUB\/chapter1.xhtml","type":"application\/xhtml+xml","title":"El jardín de las palabras","locations":{"progression":0,"position":1,"totalProgression":0},"text":{"before":"jardín de las palabras 1Árbol, ","highlight":"canción","after":" y corazón. Espero que estas palabras no afecten la lectura.Ir al segundo capítulo [2].Pasaje 1.01: La viajera mira el jardín. Una canción recuerda el árbol, mientras los niños caminan entre flores"}}
10-08 22:21:54.999 17079 17079 I ReaderEvidence: ANNOTATION_RESTORED id=014c1875-b09d-4ebe-bb0b-761f71985fdd kind=bookmark color=Yellow note= range={"href":"EPUB\/chapter1.xhtml","type":"application\/xhtml+xml","title":"El jardín de las palabras","locations":{"cssSelector":"#chapter-1","progression":0,"position":1,"totalProgression":0},"text":{"highlight":"El jardín de las palabras 1"}}
10-08 22:21:58.864 17079 17079 I ReaderEvidence: VISIBLE {"href":"EPUB\/chapter1.xhtml","type":"application\/xhtml+xml","title":"El jardín de las palabras","locations":{"cssSelector":"#p-1-02","progression":0.11113397818481169,"position":1,"totalProgression":0},"text":{"highlight":"Pasaje 1.02: La viajera mira el jardín. Una canción recuerda el árbol, mientras los niños caminan entre flores. Cada palabra tiene su lugar en esta historia."}}
10-08 22:21:58.866 17079 17079 I ReaderEvidence: ANNOTATION_RENDERED [{"boxes":1,"endElement":"lead-1","endOffset":14,"id":"490ca24b-4cfe-4091-b12d-2cbfbdcff56a","startElement":"lead-1","startOffset":7,"text":"canción"}]
10-08 22:21:58.868 17079 17079 I ReaderEvidence: COMMITTED {"href":"EPUB\/chapter1.xhtml","type":"application\/xhtml+xml","title":"El jardín de las palabras","locations":{"cssSelector":"#p-1-02","progression":0.11113397818481169,"position":1,"totalProgression":0},"text":{"highlight":"Pasaje 1.02: La viajera mira el jardín. Una canción recuerda el árbol, mientras los niños caminan entre flores. Cada palabra tiene su lugar en esta historia."}}
