> Task :app:preBuild UP-TO-DATE
> Task :app:preDebugBuild UP-TO-DATE
> Task :app:mergeDebugNativeDebugMetadata NO-SOURCE
> Task :app:checkKotlinGradlePluginConfigurationErrors SKIPPED
> Task :app:generateDebugBuildConfig
> Task :app:generateDebugResValues
> Task :app:checkDebugAarMetadata
> Task :app:mapDebugSourceSetPaths
> Task :app:generateDebugResources
> Task :app:packageDebugResources
> Task :app:createDebugCompatibleScreenManifests
> Task :app:extractDeepLinksDebug
> Task :app:mergeDebugResources
> Task :app:parseDebugLocalResources
> Task :app:processDebugMainManifest
> Task :app:processDebugManifest
> Task :app:mergeDebugShaders
> Task :app:processDebugManifestForPackage
> Task :app:javaPreCompileDebug
> Task :app:compileDebugShaders NO-SOURCE
> Task :app:generateDebugAssets UP-TO-DATE
> Task :app:mergeDebugAssets
> Task :app:compressDebugAssets
> Task :app:processDebugResources
> Task :app:desugarDebugFileDependencies
> Task :app:mergeDebugJniLibFolders
> Task :app:checkDebugDuplicateClasses
> Task :app:mergeDebugNativeLibs
> Task :app:mergeLibDexDebug
> Task :app:kspDebugKotlin

> Task :app:stripDebugDebugSymbols
Unable to strip the following libraries, packaging them as they are: libandroidx.graphics.path.so, libdatastore_shared_counter.so. Run with --info option to learn more.

> Task :app:validateSigningDebug
> Task :app:writeDebugAppMetadata
> Task :app:writeDebugSigningConfigVersions
> Task :app:l8DexDesugarLibDebug
> Task :app:mergeExtDexDebug
> Task :app:compileDebugKotlin
w: file:///home/camilo/Work/code/reader-ldx-issue-8-audit/android/app/src/main/java/dev/reader/ldx/MainActivity.kt:105:36 'val systemWindowInsetLeft: Int' is deprecated. Deprecated in Java.
w: file:///home/camilo/Work/code/reader-ldx-issue-8-audit/android/app/src/main/java/dev/reader/ldx/MainActivity.kt:105:66 'val systemWindowInsetTop: Int' is deprecated. Deprecated in Java.
w: file:///home/camilo/Work/code/reader-ldx-issue-8-audit/android/app/src/main/java/dev/reader/ldx/MainActivity.kt:105:95 'val systemWindowInsetRight: Int' is deprecated. Deprecated in Java.
w: file:///home/camilo/Work/code/reader-ldx-issue-8-audit/android/app/src/main/java/dev/reader/ldx/MainActivity.kt:105:126 'val systemWindowInsetBottom: Int' is deprecated. Deprecated in Java.

> Task :app:compileDebugJavaWithJavac
> Task :app:dexBuilderDebug
> Task :app:mergeDebugGlobalSynthetics
> Task :app:processDebugJavaRes
> Task :app:mergeProjectDexDebug
> Task :app:mergeDebugJavaResource
> Task :app:packageDebug
> Task :app:createDebugApkListingFileRedirect
> Task :app:assembleDebug

BUILD SUCCESSFUL in 1m 17s
39 actionable tasks: 39 executed
